img2d    desk x1 wheel   fps 60.0 over33 0.0% js 0.1/0.2ms stale 0.0% jud 8.9px err 5.1px lag 136ms settle 484ms | js>8ms 0.0% dec 0 up 0/0ms sync 0  (6s)
img2d    desk x1 fling   fps 60.0 over33 0.0% js 0.1/0.1ms stale 0.0% jud 8.3px err 6.3px lag 162ms settle -ms | js>8ms 0.0% dec 0 up 0/0ms sync 0  (6s)
img2d    desk x1 mid     fps 57.0 over33 7.6% js 0.1/0.2ms stale 0.0% jud 7.7px err 3.8px lag 133ms settle 105ms | js>8ms 0.0% dec 0 up 0/0ms sync 0  (5s)
img2d    desk x1 jump    fps 60.0 over33 3.0% js 0.1/0.2ms stale 0.0% jud 8.5px err 6.2px lag 0ms settle 849ms | js>8ms 0.0% dec 0 up 0/0ms sync 0  (6s)
bmp2d    desk x1 wheel   fps 60.0 over33 5.1% js 2.3/15.6ms stale 3.3% jud 17.0px err 8.4px lag 125ms settle 441ms | js>8ms 6.0% dec 128 up 0/0ms sync 0  (6s)
bmp2d    desk x1 fling   fps 60.0 over33 2.8% js 2.0/3.0ms stale 1.4% jud 18.4px err 7.9px lag 121ms settle -ms | js>8ms 5.2% dec 97 up 0/0ms sync 1  (6s)
bmp2d    desk x1 mid     fps 33.8 over33 15.0% js 9.9/44.2ms stale 4.2% jud 26.8px err 4.9px lag 124ms settle 119ms | js>8ms 33.1% dec 211 up 0/0ms sync 0  (5s)
bmp2d    desk x1 jump    fps 60.0 over33 4.4% js 2.2/0.2ms stale 14.0% jud 106.2px err 18.2px lag 0ms settle 1141ms | js>8ms 4.6% dec 154 up 0/0ms sync 2  (6s)
glflow   desk x1 wheel   fps 60.0 over33 3.0% js 1.4/0.2ms stale 4.5% jud 33.1px err 5.6px lag 104ms settle 771ms | js>8ms 3.0% dec 184 up 184/974ms sync 0  (7s)
glflow   desk x1 fling   fps 60.0 over33 2.8% js 1.5/0.2ms stale 1.4% jud 15.0px err 0.9px lag 90ms settle -ms | js>8ms 2.8% dec 174 up 175/895ms sync 1  (6s)
glflow   desk x1 mid     fps 5.0 over33 50.0% js 21.5/52.4ms stale 35.7% jud 175.4px err 67.2px lag 105ms settle -ms | js>8ms 51.9% dec 245 up 246/2155ms sync 1  (5s)
glflow   desk x1 jump    fps 60.0 over33 2.7% js 1.7/0.2ms stale 11.0% jud 18.7px err 6.2px lag 494ms settle 1472ms | js>8ms 3.0% dec 174 up 174/1565ms sync 0  (6s)
glimg    desk x1 wheel   fps 60.0 over33 11.4% js 6.2/53.8ms stale 0.0% jud 6.6px err 6.6px lag 110ms settle 442ms | js>8ms 11.9% dec 0 up 66/1854ms sync 66  (7s)
glimg    desk x1 fling   fps 60.0 over33 9.5% js 6.6/48.4ms stale 0.0% jud 5.6px err 6.5px lag 139ms settle -ms | js>8ms 17.6% dec 0 up 71/1891ms sync 71  (6s)
glimg    desk x1 mid     fps 5.7 over33 69.0% js 155.1/133.4ms stale 0.0% jud 7.2px err 3.7px lag 111ms settle -ms | js>8ms 69.8% dec 0 up 82/9766ms sync 82  (11s)
glimg    desk x1 jump    fps 60.0 over33 8.8% js 4.8/47.6ms stale 0.0% jud 5.8px err 5.9px lag 0ms settle 849ms | js>8ms 10.6% dec 0 up 55/1435ms sync 55  (6s)
lin2d    desk x1 wheel   fps 60.0 over33 4.4% js 2.4/14.8ms stale 1.6% jud 13.0px err 2.1px lag 145ms settle 451ms | js>8ms 6.3% dec 120 up 0/0ms sync 0  (6s)
lin2d    desk x1 fling   fps 60.0 over33 3.5% js 2.4/19.9ms stale 1.4% jud 8.4px err 0.4px lag 191ms settle -ms | js>8ms 7.2% dec 102 up 0/0ms sync 1  (6s)
lin2d    desk x1 mid     fps 31.4 over33 12.3% js 8.9/46.2ms stale 4.6% jud 27.0px err 2.7px lag 122ms settle 119ms | js>8ms 32.6% dec 180 up 0/0ms sync 1  (5s)
lin2d    desk x1 jump    fps 60.0 over33 2.7% js 1.5/0.2ms stale 3.9% jud 24.6px err 2.0px lag 263ms settle 1104ms | js>8ms 2.6% dec 106 up 0/0ms sync 0  (6s)
img2d    desk x4 wheel   fps 60.0 over33 5.4% js 0.2/0.8ms stale 0.0% jud 7.7px err 5.6px lag 114ms settle 463ms | js>8ms 0.0% dec 0 up 0/0ms sync 0  (7s)
img2d    desk x4 fling   fps 60.1 over33 5.6% js 0.2/0.7ms stale 0.0% jud 7.3px err 6.1px lag 155ms settle -ms | js>8ms 0.0% dec 0 up 0/0ms sync 0  (6s)
img2d    desk x4 mid     fps 46.2 over33 25.1% js 0.3/0.9ms stale 0.0% jud 7.9px err 3.5px lag 124ms settle 108ms | js>8ms 0.5% dec 0 up 0/0ms sync 0  (5s)
img2d    desk x4 jump    fps 60.0 over33 5.4% js 0.2/0.6ms stale 0.0% jud 7.2px err 5.8px lag 0ms settle 850ms | js>8ms 0.0% dec 0 up 0/0ms sync 0  (6s)
bmp2d    desk x4 wheel   fps 3.2 over33 43.8% js 57.1/234.1ms stale 50.0% jud 61.8px err 28.3px lag 100ms settle -ms | js>8ms 28.6% dec 58 up 0/0ms sync 1  (7s)
bmp2d    desk x4 fling   fps 2.7 over33 30.8% js 67.3/246.9ms stale 80.0% jud 159.5px err 97.0px lag 19ms settle -ms | js>8ms 27.8% dec 57 up 0/0ms sync 1  (6s)
bmp2d    desk x4 mid     fps 3.0 over33 35.7% js 70.8/253.5ms stale 50.0% jud 63.4px err 10.7px lag 61ms settle -ms | js>8ms 31.6% dec 57 up 0/0ms sync 2  (6s)
bmp2d    desk x4 jump    fps 6.2 over33 15.6% js 37.5/239.1ms stale 83.3% jud 259.2px err 110.2px lag 0ms settle -ms | js>8ms 16.2% dec 63 up 0/0ms sync 0  (6s)
glflow   desk x4 wheel   fps 2.2 over33 30.8% js 61.9/238.0ms stale 80.0% jud 72.8px err 24.6px lag 32ms settle -ms | js>8ms 27.8% dec 95 up 96/1967ms sync 1  (10s)
glflow   desk x4 fling   fps 2.4 over33 25.0% js 56.2/225.2ms stale 75.0% jud 333.8px err 139.5px lag 21ms settle -ms | js>8ms 23.5% dec 81 up 82/1633ms sync 1  (6s)
glflow   desk x4 mid     fps 2.4 over33 30.8% js 65.4/277.5ms stale 80.0% jud 21.5px err 9.9px lag 74ms settle -ms | js>8ms 27.8% dec 87 up 89/1871ms sync 2  (7s)
glflow   desk x4 jump    fps 5.6 over33 7.1% js 22.2/219.8ms stale 100.0% jud 23.1px err 41.4px lag 0ms settle -ms | js>8ms 9.1% dec 73 up 73/1557ms sync 0  (7s)
glimg    desk x4 wheel   fps 60.0 over33 4.4% js 9.0/1.1ms stale 0.0% jud 5.1px err 6.2px lag 115ms settle 808ms | js>8ms 4.3% dec 0 up 23/2678ms sync 23  (8s)
glimg    desk x4 fling   fps 56.2 over33 6.0% js 12.5/120.3ms stale 0.0% jud 2.9px err 7.2px lag 123ms settle -ms | js>8ms 5.9% dec 0 up 28/3369ms sync 28  (6s)
glimg    desk x4 mid     fps 7.3 over33 54.8% js 117.0/266.2ms stale 0.0% jud 10.4px err 3.3px lag 215ms settle 472ms | js>8ms 50.0% dec 0 up 35/4196ms sync 35  (5s)
glimg    desk x4 jump    fps 57.7 over33 4.6% js 11.2/1.1ms stale 0.0% jud 11.5px err 6.8px lag 136ms settle 1496ms | js>8ms 4.1% dec 0 up 22/3209ms sync 22  (6s)
lin2d    desk x4 wheel   fps 2.8 over33 35.7% js 68.0/295.1ms stale 50.0% jud 51.5px err 20.5px lag 85ms settle -ms | js>8ms 31.6% dec 57 up 0/0ms sync 1  (8s)
lin2d    desk x4 fling   fps 2.6 over33 30.8% js 74.3/286.1ms stale 60.0% jud 27.0px err 12.7px lag 21ms settle -ms | js>8ms 27.8% dec 56 up 0/0ms sync 2  (6s)
lin2d    desk x4 mid     fps 3.1 over33 35.7% js 61.7/278.1ms stale 66.7% jud 239.2px err 90.4px lag 56ms settle -ms | js>8ms 31.6% dec 48 up 0/0ms sync 1  (6s)
lin2d    desk x4 jump    fps 6.1 over33 16.1% js 39.7/241.7ms stale 83.3% jud 255.8px err 114.1px lag 0ms settle -ms | js>8ms 16.7% dec 65 up 0/0ms sync 0  (6s)
