v36      desk x1 wheel   fps 60.0 over33 0.0% js 0.1/0.2ms stale 0.0% jud 23.2px err 10.5px lag 67ms settle 317ms | js>8ms 0.0% dec 0 up 0/0ms sync 0  (7s)
v36      desk x1 fling   fps 60.0 over33 0.0% js 0.1/0.2ms stale 0.0% jud 16.4px err 14.2px lag 70ms settle 549ms | js>8ms 0.0% dec 0 up 0/0ms sync 0  (6s)
v36      desk x1 slow    fps 60.0 over33 0.0% js 0.1/0.2ms stale 0.0% jud 17.1px err 13.5px lag -ms settle -ms | js>8ms 0.0% dec 0 up 0/0ms sync 0  (6s)
v36      desk x1 mid     fps 57.8 over33 10.5% js 0.1/0.2ms stale 0.0% jud 19.8px err 9.0px lag 62ms settle 51ms | js>8ms 0.0% dec 0 up 0/0ms sync 0  (5s)
v36      desk x1 stopgo  fps 60.0 over33 3.4% js 0.1/0.2ms stale 0.0% jud 19.3px err 14.7px lag 56ms settle 400ms | js>8ms 0.0% dec 0 up 0/0ms sync 0  (6s)
v36      desk x1 jump    fps 60.0 over33 0.0% js 0.1/0.2ms stale 0.0% jud 17.8px err 14.9px lag 0ms settle 650ms | js>8ms 0.0% dec 0 up 0/0ms sync 0  (6s)
s_w8     desk x1 wheel   fps 60.0 over33 0.3% js 0.1/0.2ms stale 0.0% jud 8.9px err 5.9px lag 235ms settle 953ms | js>8ms 0.0% dec 0 up 0/0ms sync 0  (6s)
s_w8     desk x1 fling   fps 60.0 over33 0.0% js 0.1/0.2ms stale 0.0% jud 8.6px err 6.2px lag 337ms settle -ms | js>8ms 0.0% dec 0 up 0/0ms sync 0  (5s)
s_w8     desk x1 slow    fps 60.0 over33 0.0% js 0.1/0.1ms stale 0.0% jud 10.7px err 5.7px lag -ms settle -ms | js>8ms 0.0% dec 0 up 0/0ms sync 0  (6s)
s_w8     desk x1 mid     fps 45.2 over33 17.6% js 0.1/0.2ms stale 0.0% jud 8.7px err 3.9px lag 233ms settle 297ms | js>8ms 0.0% dec 0 up 0/0ms sync 0  (5s)
s_w8     desk x1 stopgo  fps 60.0 over33 0.7% js 0.1/0.2ms stale 0.0% jud 8.7px err 5.1px lag 177ms settle 1083ms | js>8ms 0.0% dec 0 up 0/0ms sync 0  (6s)
s_w8     desk x1 jump    fps 60.0 over33 0.0% js 0.1/0.2ms stale 0.0% jud 9.7px err 6.4px lag 0ms settle 1499ms | js>8ms 0.0% dec 0 up 0/0ms sync 0  (6s)
s_w14    desk x1 wheel   fps 60.0 over33 0.0% js 0.1/0.1ms stale 0.0% jud 9.4px err 5.4px lag 143ms settle 483ms | js>8ms 0.0% dec 0 up 0/0ms sync 0  (6s)
s_w14    desk x1 fling   fps 60.0 over33 0.0% js 0.1/0.2ms stale 0.0% jud 8.5px err 6.4px lag 162ms settle -ms | js>8ms 0.0% dec 0 up 0/0ms sync 0  (6s)
s_w14    desk x1 slow    fps 60.0 over33 0.0% js 0.1/0.2ms stale 0.0% jud 10.9px err 5.8px lag -ms settle -ms | js>8ms 0.0% dec 0 up 0/0ms sync 0  (6s)
s_w14    desk x1 mid     fps 51.3 over33 12.3% js 0.1/0.2ms stale 0.0% jud 8.7px err 4.0px lag 134ms settle 130ms | js>8ms 0.0% dec 0 up 0/0ms sync 0  (5s)
s_w14    desk x1 stopgo  fps 60.0 over33 0.0% js 0.1/0.2ms stale 0.0% jud 8.2px err 5.0px lag 126ms settle 566ms | js>8ms 0.0% dec 0 up 0/0ms sync 0  (6s)
s_w14    desk x1 jump    fps 60.0 over33 0.0% js 0.1/0.1ms stale 0.0% jud 9.2px err 6.2px lag 0ms settle 850ms | js>8ms 0.0% dec 0 up 0/0ms sync 0  (6s)
s_w20    desk x1 wheel   fps 60.0 over33 0.0% js 0.1/0.2ms stale 0.0% jud 10.4px err 5.8px lag 97ms settle 300ms | js>8ms 0.0% dec 0 up 0/0ms sync 0  (6s)
s_w20    desk x1 fling   fps 60.0 over33 0.0% js 0.1/0.2ms stale 0.0% jud 8.8px err 6.8px lag 104ms settle -ms | js>8ms 0.0% dec 0 up 0/0ms sync 0  (6s)
s_w20    desk x1 slow    fps 60.0 over33 0.0% js 0.1/0.2ms stale 0.0% jud 10.9px err 5.9px lag -ms settle -ms | js>8ms 0.0% dec 0 up 0/0ms sync 0  (6s)
s_w20    desk x1 mid     fps 52.0 over33 14.4% js 0.1/0.2ms stale 0.0% jud 9.2px err 4.2px lag 91ms settle 85ms | js>8ms 0.0% dec 0 up 0/0ms sync 0  (5s)
s_w20    desk x1 stopgo  fps 60.0 over33 0.0% js 0.1/0.2ms stale 0.0% jud 8.7px err 4.9px lag 90ms settle 367ms | js>8ms 0.0% dec 0 up 0/0ms sync 0  (6s)
s_w20    desk x1 jump    fps 60.0 over33 0.0% js 0.1/0.2ms stale 0.0% jud 9.0px err 6.1px lag 0ms settle 597ms | js>8ms 0.0% dec 0 up 0/0ms sync 0  (6s)
s_w28    desk x1 wheel   fps 60.0 over33 0.0% js 0.1/0.2ms stale 0.0% jud 10.0px err 5.4px lag 73ms settle 183ms | js>8ms 0.0% dec 0 up 0/0ms sync 0  (6s)
s_w28    desk x1 fling   fps 60.0 over33 0.0% js 0.1/0.2ms stale 0.0% jud 9.0px err 6.7px lag 69ms settle 533ms | js>8ms 0.0% dec 0 up 0/0ms sync 0  (6s)
s_w28    desk x1 slow    fps 60.0 over33 0.0% js 0.1/0.2ms stale 0.0% jud 11.0px err 5.9px lag -ms settle -ms | js>8ms 0.0% dec 0 up 0/0ms sync 0  (6s)
s_w28    desk x1 mid     fps 54.2 over33 14.3% js 0.1/0.1ms stale 0.0% jud 9.9px err 4.7px lag 63ms settle 49ms | js>8ms 0.0% dec 0 up 0/0ms sync 0  (5s)
s_w28    desk x1 stopgo  fps 60.0 over33 0.7% js 0.1/0.2ms stale 0.0% jud 9.5px err 5.4px lag 62ms settle 250ms | js>8ms 0.0% dec 0 up 0/0ms sync 0  (6s)
s_w28    desk x1 jump    fps 60.0 over33 0.3% js 0.1/0.2ms stale 0.0% jud 10.9px err 5.9px lag 0ms settle 417ms | js>8ms 0.0% dec 0 up 0/0ms sync 0  (6s)
l_t04    desk x1 wheel   fps 60.0 over33 0.0% js 0.1/0.2ms stale 0.0% jud 10.2px err 5.9px lag 36ms settle 134ms | js>8ms 0.0% dec 0 up 0/0ms sync 0  (6s)
l_t04    desk x1 fling   fps 60.0 over33 0.0% js 0.1/0.2ms stale 0.0% jud 8.5px err 6.3px lag 35ms settle 133ms | js>8ms 0.0% dec 0 up 0/0ms sync 0  (6s)
l_t04    desk x1 slow    fps 60.0 over33 0.0% js 0.1/0.2ms stale 0.0% jud 11.1px err 6.0px lag -ms settle -ms | js>8ms 0.0% dec 0 up 0/0ms sync 0  (6s)
l_t04    desk x1 mid     fps 59.0 over33 12.3% js 0.1/0.1ms stale 0.0% jud 9.5px err 4.4px lag 32ms settle 39ms | js>8ms 0.0% dec 0 up 0/0ms sync 0  (5s)
l_t04    desk x1 stopgo  fps 60.0 over33 0.0% js 0.1/0.2ms stale 0.0% jud 9.4px err 5.8px lag 32ms settle 200ms | js>8ms 0.0% dec 0 up 0/0ms sync 0  (6s)
l_t04    desk x1 jump    fps 60.0 over33 0.0% js 0.1/0.2ms stale 0.0% jud 8.2px err 6.0px lag 0ms settle 367ms | js>8ms 0.0% dec 0 up 0/0ms sync 0  (6s)
l_t07    desk x1 wheel   fps 60.0 over33 0.0% js 0.1/0.2ms stale 0.0% jud 9.6px err 5.6px lag 68ms settle 317ms | js>8ms 0.0% dec 0 up 0/0ms sync 0  (6s)
l_t07    desk x1 fling   fps 60.0 over33 0.0% js 0.1/0.2ms stale 0.0% jud 8.7px err 6.9px lag 70ms settle 567ms | js>8ms 0.0% dec 0 up 0/0ms sync 0  (5s)
l_t07    desk x1 slow    fps 60.0 over33 0.0% js 0.1/0.1ms stale 0.0% jud 11.0px err 5.9px lag -ms settle -ms | js>8ms 0.0% dec 0 up 0/0ms sync 0  (6s)
l_t07    desk x1 mid     fps 55.6 over33 11.7% js 0.1/0.2ms stale 0.0% jud 10.1px err 4.5px lag 62ms settle 25ms | js>8ms 0.0% dec 0 up 0/0ms sync 0  (5s)
l_t07    desk x1 stopgo  fps 60.0 over33 0.3% js 0.1/0.2ms stale 0.0% jud 8.9px err 5.6px lag 60ms settle 400ms | js>8ms 0.0% dec 0 up 0/0ms sync 0  (6s)
l_t07    desk x1 jump    fps 60.0 over33 0.0% js 0.1/0.2ms stale 0.0% jud 9.0px err 6.2px lag 0ms settle 650ms | js>8ms 0.0% dec 0 up 0/0ms sync 0  (6s)
l_t12    desk x1 wheel   fps 60.0 over33 0.0% js 0.1/0.2ms stale 0.0% jud 8.9px err 6.0px lag 117ms settle 633ms | js>8ms 0.0% dec 0 up 0/0ms sync 0  (6s)
l_t12    desk x1 fling   fps 60.0 over33 0.0% js 0.1/0.2ms stale 0.0% jud 8.2px err 6.5px lag 139ms settle -ms | js>8ms 0.0% dec 0 up 0/0ms sync 0  (6s)
l_t12    desk x1 slow    fps 60.0 over33 0.0% js 0.1/0.1ms stale 0.0% jud 10.9px err 5.8px lag -ms settle -ms | js>8ms 0.0% dec 0 up 0/0ms sync 0  (6s)
l_t12    desk x1 mid     fps 54.9 over33 12.3% js 0.1/0.2ms stale 0.0% jud 9.0px err 3.7px lag 111ms settle 95ms | js>8ms 0.0% dec 0 up 0/0ms sync 0  (5s)
l_t12    desk x1 stopgo  fps 60.0 over33 0.0% js 0.1/0.2ms stale 0.0% jud 8.5px err 5.7px lag 99ms settle 750ms | js>8ms 0.0% dec 0 up 0/0ms sync 0  (6s)
l_t12    desk x1 jump    fps 60.0 over33 0.0% js 0.1/0.2ms stale 0.0% jud 9.4px err 6.4px lag 0ms settle 1133ms | js>8ms 0.0% dec 0 up 0/0ms sync 0  (6s)
b_lin    desk x1 wheel   fps 60.0 over33 0.0% js 0.1/0.1ms stale 0.0% jud 0.0px err 0.0px lag 141ms settle 483ms | js>8ms 0.0% dec 0 up 0/0ms sync 0  (6s)
b_lin    desk x1 fling   fps 60.0 over33 0.0% js 0.1/0.1ms stale 0.0% jud 0.0px err 0.0px lag 162ms settle -ms | js>8ms 0.0% dec 0 up 0/0ms sync 0  (6s)
b_lin    desk x1 slow    fps 60.0 over33 0.0% js 0.1/0.1ms stale 0.0% jud 0.0px err 0.0px lag -ms settle -ms | js>8ms 0.0% dec 0 up 0/0ms sync 0  (6s)
b_lin    desk x1 mid     fps 60.0 over33 3.2% js 0.1/0.1ms stale 0.0% jud 0.0px err 0.0px lag 134ms settle 107ms | js>8ms 0.0% dec 0 up 0/0ms sync 0  (5s)
b_lin    desk x1 stopgo  fps 60.0 over33 1.4% js 0.1/0.2ms stale 0.0% jud 0.0px err 0.0px lag 124ms settle 583ms | js>8ms 0.0% dec 0 up 0/0ms sync 0  (6s)
b_lin    desk x1 jump    fps 60.0 over33 2.0% js 0.1/0.1ms stale 0.0% jud 0.0px err 0.0px lag 0ms settle 850ms | js>8ms 0.0% dec 0 up 0/0ms sync 0  (6s)
b_near   desk x1 wheel   fps 60.0 over33 0.0% js 0.1/0.1ms stale 0.0% jud 10.4px err 6.1px lag 143ms settle 484ms | js>8ms 0.0% dec 0 up 0/0ms sync 0  (6s)
b_near   desk x1 fling   fps 60.0 over33 0.0% js 0.1/0.1ms stale 0.0% jud 10.2px err 7.4px lag 162ms settle -ms | js>8ms 0.0% dec 0 up 0/0ms sync 0  (6s)
b_near   desk x1 slow    fps 60.0 over33 0.0% js 0.1/0.1ms stale 0.0% jud 12.2px err 6.5px lag -ms settle -ms | js>8ms 0.0% dec 0 up 0/0ms sync 0  (6s)
b_near   desk x1 mid     fps 60.0 over33 0.0% js 0.1/0.2ms stale 0.0% jud 11.5px err 6.0px lag 134ms settle 140ms | js>8ms 0.0% dec 0 up 0/0ms sync 0  (5s)
b_near   desk x1 stopgo  fps 60.0 over33 0.0% js 0.1/0.2ms stale 0.0% jud 9.5px err 5.7px lag 126ms settle 583ms | js>8ms 0.0% dec 0 up 0/0ms sync 0  (6s)
b_near   desk x1 jump    fps 60.0 over33 0.0% js 0.1/0.1ms stale 0.0% jud 10.8px err 6.9px lag 0ms settle 850ms | js>8ms 0.0% dec 0 up 0/0ms sync 0  (6s)
s_hint   desk x1 wheel   fps 60.0 over33 0.0% js 0.1/0.2ms stale 0.0% jud 9.1px err 5.7px lag 139ms settle 483ms | js>8ms 0.0% dec 0 up 0/0ms sync 0  (6s)
s_hint   desk x1 fling   fps 60.0 over33 0.0% js 0.1/0.2ms stale 0.0% jud 8.5px err 6.5px lag 162ms settle -ms | js>8ms 0.0% dec 0 up 0/0ms sync 0  (6s)
s_hint   desk x1 slow    fps 60.0 over33 0.0% js 0.1/0.2ms stale 0.0% jud 10.8px err 5.8px lag -ms settle -ms | js>8ms 0.0% dec 0 up 0/0ms sync 0  (6s)
s_hint   desk x1 mid     fps 46.7 over33 17.1% js 0.2/0.2ms stale 0.0% jud 9.0px err 3.9px lag 132ms settle 98ms | js>8ms 0.5% dec 0 up 0/0ms sync 0  (5s)
s_hint   desk x1 stopgo  fps 60.0 over33 0.7% js 0.1/0.2ms stale 0.0% jud 8.2px err 5.0px lag 126ms settle 583ms | js>8ms 0.0% dec 0 up 0/0ms sync 0  (6s)
s_hint   desk x1 jump    fps 60.0 over33 1.7% js 0.1/0.2ms stale 0.0% jud 9.1px err 6.4px lag 0ms settle 849ms | js>8ms 0.0% dec 0 up 0/0ms sync 0  (6s)
k2_nar   desk x1 wheel   fps 60.0 over33 0.0% js 0.1/0.2ms stale 0.0% jud 4.6px err 2.8px lag 139ms settle 490ms | js>8ms 0.0% dec 0 up 0/0ms sync 0  (7s)
k2_nar   desk x1 fling   fps 60.0 over33 0.0% js 0.1/0.2ms stale 0.0% jud 4.4px err 3.3px lag 162ms settle -ms | js>8ms 0.0% dec 0 up 0/0ms sync 0  (6s)
k2_nar   desk x1 slow    fps 60.0 over33 0.0% js 0.1/0.2ms stale 0.0% jud 6.0px err 2.9px lag -ms settle -ms | js>8ms 0.0% dec 0 up 0/0ms sync 0  (6s)
k2_nar   desk x1 mid     fps 46.9 over33 17.0% js 0.1/0.2ms stale 0.0% jud 4.3px err 2.2px lag 134ms settle 98ms | js>8ms 0.0% dec 0 up 0/0ms sync 0  (5s)
k2_nar   desk x1 stopgo  fps 60.0 over33 0.0% js 0.1/0.2ms stale 0.0% jud 4.2px err 2.4px lag 126ms settle 582ms | js>8ms 0.0% dec 0 up 0/0ms sync 0  (6s)
k2_nar   desk x1 jump    fps 60.0 over33 0.3% js 0.1/0.2ms stale 0.0% jud 4.7px err 3.2px lag 0ms settle 850ms | js>8ms 0.0% dec 0 up 0/0ms sync 0  (6s)
k2_lin   desk x1 wheel   fps 60.0 over33 0.0% js 0.1/0.2ms stale 0.0% jud 0.0px err 0.0px lag 136ms settle 493ms | js>8ms 0.0% dec 0 up 0/0ms sync 0  (7s)
k2_lin   desk x1 fling   fps 60.0 over33 0.0% js 0.1/0.1ms stale 0.0% jud 0.0px err 0.0px lag 162ms settle -ms | js>8ms 0.0% dec 0 up 0/0ms sync 0  (6s)
k2_lin   desk x1 slow    fps 60.0 over33 1.3% js 0.1/0.1ms stale 0.0% jud 0.0px err 0.0px lag -ms settle -ms | js>8ms 0.0% dec 0 up 0/0ms sync 0  (6s)
k2_lin   desk x1 mid     fps 60.0 over33 9.7% js 0.1/0.2ms stale 0.0% jud 0.0px err 0.0px lag 133ms settle 127ms | js>8ms 0.0% dec 0 up 0/0ms sync 0  (5s)
k2_lin   desk x1 stopgo  fps 60.0 over33 0.0% js 0.1/0.1ms stale 0.0% jud 0.0px err 0.0px lag 126ms settle 583ms | js>8ms 0.0% dec 0 up 0/0ms sync 0  (6s)
k2_lin   desk x1 jump    fps 60.0 over33 0.3% js 0.1/0.2ms stale 0.0% jud 0.0px err 0.0px lag 0ms settle 850ms | js>8ms 0.0% dec 0 up 0/0ms sync 0  (6s)
k2_w20   desk x1 wheel   fps 60.0 over33 0.0% js 0.1/0.2ms stale 0.0% jud 0.0px err 0.0px lag 100ms settle 303ms | js>8ms 0.0% dec 0 up 0/0ms sync 0  (7s)
k2_w20   desk x1 fling   fps 60.0 over33 0.0% js 0.1/0.2ms stale 0.0% jud 0.0px err 0.0px lag 104ms settle -ms | js>8ms 0.0% dec 0 up 0/0ms sync 0  (6s)
k2_w20   desk x1 slow    fps 59.8 over33 0.0% js 0.1/0.2ms stale 0.0% jud 0.0px err 0.0px lag -ms settle -ms | js>8ms 0.0% dec 0 up 0/0ms sync 0  (6s)
k2_w20   desk x1 mid     fps 58.3 over33 13.3% js 0.1/0.2ms stale 0.0% jud 0.0px err 0.0px lag 91ms settle 102ms | js>8ms 0.0% dec 0 up 0/0ms sync 0  (5s)
k2_w20   desk x1 stopgo  fps 60.0 over33 0.0% js 0.1/0.2ms stale 0.0% jud 0.0px err 0.0px lag 90ms settle 367ms | js>8ms 0.0% dec 0 up 0/0ms sync 0  (6s)
k2_w20   desk x1 jump    fps 60.0 over33 0.0% js 0.1/0.2ms stale 0.0% jud 0.0px err 0.0px lag 0ms settle 600ms | js>8ms 0.0% dec 0 up 0/0ms sync 0  (6s)
k2_near  desk x1 wheel   fps 60.0 over33 0.0% js 0.1/0.2ms stale 0.0% jud 5.4px err 3.3px lag 136ms settle 482ms | js>8ms 0.0% dec 0 up 0/0ms sync 0  (7s)
k2_near  desk x1 fling   fps 60.0 over33 0.0% js 0.1/0.2ms stale 0.0% jud 5.6px err 3.8px lag 162ms settle -ms | js>8ms 0.0% dec 0 up 0/0ms sync 0  (6s)
k2_near  desk x1 slow    fps 60.0 over33 0.0% js 0.1/0.1ms stale 0.0% jud 6.6px err 3.3px lag -ms settle -ms | js>8ms 0.0% dec 0 up 0/0ms sync 0  (6s)
k2_near  desk x1 mid     fps 57.0 over33 5.5% js 0.1/0.2ms stale 0.0% jud 5.7px err 3.1px lag 134ms settle 137ms | js>8ms 0.0% dec 0 up 0/0ms sync 0  (5s)
k2_near  desk x1 stopgo  fps 60.0 over33 0.0% js 0.1/0.2ms stale 0.0% jud 5.1px err 2.9px lag 126ms settle 565ms | js>8ms 0.0% dec 0 up 0/0ms sync 0  (6s)
k2_near  desk x1 jump    fps 60.0 over33 0.0% js 0.1/0.2ms stale 0.0% jud 5.8px err 3.7px lag 0ms settle 850ms | js>8ms 0.0% dec 0 up 0/0ms sync 0  (6s)
v36      desk x4 wheel   fps 60.0 over33 6.1% js 0.2/0.8ms stale 0.0% jud 17.4px err 10.0px lag 53ms settle 234ms | js>8ms 0.0% dec 0 up 0/0ms sync 0  (7s)
v36      desk x4 fling   fps 60.0 over33 1.8% js 0.2/0.7ms stale 0.0% jud 15.3px err 13.8px lag 69ms settle 586ms | js>8ms 0.0% dec 0 up 0/0ms sync 0  (6s)
v36      desk x4 slow    fps 60.0 over33 3.2% js 0.3/0.8ms stale 0.0% jud 16.1px err 12.5px lag -ms settle -ms | js>8ms 0.0% dec 0 up 0/0ms sync 0  (6s)
v36      desk x4 mid     fps 43.5 over33 18.9% js 0.3/1.0ms stale 0.0% jud 17.7px err 8.9px lag 59ms settle 0ms | js>8ms 0.0% dec 0 up 0/0ms sync 0  (5s)
v36      desk x4 stopgo  fps 60.0 over33 2.4% js 0.2/0.8ms stale 0.0% jud 19.0px err 12.7px lag 57ms settle 401ms | js>8ms 0.0% dec 0 up 0/0ms sync 0  (6s)
v36      desk x4 jump    fps 60.0 over33 1.0% js 0.2/0.7ms stale 0.0% jud 17.6px err 14.5px lag 0ms settle 650ms | js>8ms 0.0% dec 0 up 0/0ms sync 0  (6s)
s_w8     desk x4 wheel   fps 60.0 over33 10.1% js 0.2/0.8ms stale 0.0% jud 6.2px err 5.1px lag 212ms settle 957ms | js>8ms 0.0% dec 0 up 0/0ms sync 0  (7s)
s_w8     desk x4 fling   fps 60.0 over33 7.0% js 0.2/0.7ms stale 0.0% jud 8.7px err 6.3px lag 332ms settle -ms | js>8ms 0.0% dec 0 up 0/0ms sync 0  (6s)
s_w8     desk x4 slow    fps 60.0 over33 9.4% js 0.2/0.8ms stale 0.0% jud 9.4px err 6.0px lag -ms settle -ms | js>8ms 0.0% dec 0 up 0/0ms sync 0  (6s)
s_w8     desk x4 mid     fps 40.6 over33 22.0% js 0.2/0.7ms stale 0.0% jud 7.9px err 3.8px lag 234ms settle 284ms | js>8ms 0.0% dec 0 up 0/0ms sync 0  (5s)
s_w8     desk x4 stopgo  fps 60.0 over33 1.4% js 0.1/0.6ms stale 0.0% jud 8.9px err 5.3px lag 178ms settle 1089ms | js>8ms 0.0% dec 0 up 0/0ms sync 0  (6s)
s_w8     desk x4 jump    fps 60.0 over33 5.4% js 0.2/0.7ms stale 0.0% jud 8.4px err 6.3px lag 0ms settle 1459ms | js>8ms 0.0% dec 0 up 0/0ms sync 0  (6s)
s_w14    desk x4 wheel   fps 60.0 over33 7.1% js 0.2/0.8ms stale 0.0% jud 6.3px err 5.5px lag 121ms settle 450ms | js>8ms 0.0% dec 0 up 0/0ms sync 0  (7s)
s_w14    desk x4 fling   fps 60.0 over33 6.7% js 0.2/0.7ms stale 0.0% jud 9.0px err 6.7px lag 157ms settle -ms | js>8ms 0.0% dec 0 up 0/0ms sync 0  (6s)
s_w14    desk x4 slow    fps 59.8 over33 10.4% js 0.2/0.8ms stale 0.0% jud 9.7px err 6.2px lag -ms settle -ms | js>8ms 0.0% dec 0 up 0/0ms sync 0  (6s)
s_w14    desk x4 mid     fps 39.6 over33 25.0% js 0.2/0.8ms stale 0.0% jud 9.3px err 3.7px lag 126ms settle 112ms | js>8ms 0.0% dec 0 up 0/0ms sync 0  (5s)
s_w14    desk x4 stopgo  fps 60.1 over33 0.0% js 0.2/0.7ms stale 0.0% jud 9.0px err 5.2px lag 126ms settle 584ms | js>8ms 0.0% dec 0 up 0/0ms sync 0  (6s)
s_w14    desk x4 jump    fps 60.0 over33 4.4% js 0.2/0.8ms stale 0.0% jud 8.2px err 6.1px lag 0ms settle 883ms | js>8ms 0.0% dec 0 up 0/0ms sync 0  (6s)
s_w20    desk x4 wheel   fps 60.0 over33 7.1% js 0.2/0.7ms stale 0.0% jud 7.6px err 5.9px lag 79ms settle 284ms | js>8ms 0.0% dec 0 up 0/0ms sync 0  (7s)
s_w20    desk x4 fling   fps 59.9 over33 6.3% js 0.2/0.8ms stale 0.0% jud 7.6px err 6.3px lag 100ms settle -ms | js>8ms 0.0% dec 0 up 0/0ms sync 0  (6s)
s_w20    desk x4 slow    fps 60.3 over33 8.8% js 0.2/0.7ms stale 0.0% jud 10.1px err 5.9px lag -ms settle -ms | js>8ms 0.0% dec 0 up 0/0ms sync 0  (6s)
s_w20    desk x4 mid     fps 45.2 over33 18.2% js 0.2/0.8ms stale 0.0% jud 7.8px err 4.1px lag 86ms settle 94ms | js>8ms 0.0% dec 0 up 0/0ms sync 0  (5s)
s_w20    desk x4 stopgo  fps 59.9 over33 0.0% js 0.2/0.7ms stale 0.0% jud 8.5px err 4.8px lag 90ms settle 384ms | js>8ms 0.0% dec 0 up 0/0ms sync 0  (6s)
s_w20    desk x4 jump    fps 60.0 over33 4.1% js 0.2/0.7ms stale 0.0% jud 7.5px err 6.3px lag 0ms settle 600ms | js>8ms 0.3% dec 0 up 0/0ms sync 0  (6s)
s_w28    desk x4 wheel   fps 60.0 over33 8.4% js 0.2/0.7ms stale 0.0% jud 7.3px err 5.9px lag 48ms settle 180ms | js>8ms 0.0% dec 0 up 0/0ms sync 0  (7s)
s_w28    desk x4 fling   fps 60.0 over33 7.4% js 0.2/0.7ms stale 0.0% jud 7.2px err 6.5px lag 65ms settle 478ms | js>8ms 0.0% dec 0 up 0/0ms sync 0  (6s)
s_w28    desk x4 slow    fps 60.0 over33 7.4% js 0.2/0.7ms stale 0.0% jud 10.3px err 6.1px lag -ms settle -ms | js>8ms 0.0% dec 0 up 0/0ms sync 0  (6s)
s_w28    desk x4 mid     fps 42.8 over33 18.6% js 0.2/0.8ms stale 0.0% jud 9.8px err 4.7px lag 59ms settle 70ms | js>8ms 0.0% dec 0 up 0/0ms sync 0  (5s)
s_w28    desk x4 stopgo  fps 60.0 over33 0.0% js 0.2/0.6ms stale 0.0% jud 9.5px err 5.7px lag 62ms settle 265ms | js>8ms 0.0% dec 0 up 0/0ms sync 0  (6s)
s_w28    desk x4 jump    fps 60.0 over33 1.7% js 0.2/0.8ms stale 0.0% jud 7.8px err 6.3px lag 0ms settle 420ms | js>8ms 0.0% dec 0 up 0/0ms sync 0  (6s)
l_t04    desk x4 wheel   fps 59.9 over33 6.4% js 0.2/0.7ms stale 0.0% jud 9.1px err 6.1px lag 24ms settle 124ms | js>8ms 0.0% dec 0 up 0/0ms sync 0  (7s)
l_t04    desk x4 fling   fps 60.0 over33 6.3% js 0.2/0.8ms stale 0.0% jud 9.3px err 6.8px lag 33ms settle 148ms | js>8ms 0.3% dec 0 up 0/0ms sync 0  (6s)
l_t04    desk x4 slow    fps 60.0 over33 9.1% js 0.2/0.8ms stale 0.0% jud 10.7px err 6.4px lag -ms settle -ms | js>8ms 0.0% dec 0 up 0/0ms sync 0  (6s)
l_t04    desk x4 mid     fps 46.2 over33 19.9% js 0.2/0.8ms stale 0.0% jud 8.8px err 4.5px lag 27ms settle 38ms | js>8ms 0.0% dec 0 up 0/0ms sync 0  (5s)
l_t04    desk x4 stopgo  fps 60.1 over33 0.0% js 0.2/0.6ms stale 0.0% jud 9.8px err 5.9px lag 32ms settle 216ms | js>8ms 0.0% dec 0 up 0/0ms sync 0  (6s)
l_t04    desk x4 jump    fps 60.0 over33 1.4% js 0.1/0.5ms stale 0.0% jud 6.7px err 5.8px lag 0ms settle 366ms | js>8ms 0.0% dec 0 up 0/0ms sync 0  (6s)
l_t07    desk x4 wheel   fps 60.0 over33 7.8% js 0.2/0.9ms stale 0.0% jud 7.3px err 6.0px lag 52ms settle 244ms | js>8ms 0.0% dec 0 up 0/0ms sync 0  (7s)
l_t07    desk x4 fling   fps 60.0 over33 6.7% js 0.2/0.8ms stale 0.0% jud 8.3px err 6.8px lag 66ms settle 463ms | js>8ms 0.0% dec 0 up 0/0ms sync 0  (6s)
l_t07    desk x4 slow    fps 60.0 over33 11.7% js 0.2/0.7ms stale 0.0% jud 8.5px err 6.1px lag -ms settle -ms | js>8ms 0.3% dec 0 up 0/0ms sync 0  (6s)
l_t07    desk x4 mid     fps 43.8 over33 21.5% js 0.2/0.8ms stale 0.0% jud 9.2px err 4.4px lag 57ms settle 53ms | js>8ms 0.0% dec 0 up 0/0ms sync 0  (5s)
l_t07    desk x4 stopgo  fps 60.0 over33 1.4% js 0.3/0.8ms stale 0.0% jud 9.7px err 5.4px lag 59ms settle 418ms | js>8ms 0.0% dec 0 up 0/0ms sync 0  (6s)
l_t07    desk x4 jump    fps 60.0 over33 3.7% js 0.2/0.6ms stale 0.0% jud 7.9px err 5.8px lag 0ms settle 648ms | js>8ms 0.0% dec 0 up 0/0ms sync 0  (6s)
l_t12    desk x4 wheel   fps 60.0 over33 6.1% js 0.2/0.8ms stale 0.0% jud 6.7px err 5.2px lag 93ms settle 623ms | js>8ms 0.0% dec 0 up 0/0ms sync 0  (7s)
l_t12    desk x4 fling   fps 60.0 over33 6.0% js 0.2/0.8ms stale 0.0% jud 7.9px err 6.4px lag 134ms settle -ms | js>8ms 0.3% dec 0 up 0/0ms sync 0  (5s)
l_t12    desk x4 slow    fps 60.0 over33 8.1% js 0.2/0.9ms stale 0.0% jud 8.3px err 5.8px lag -ms settle -ms | js>8ms 0.0% dec 0 up 0/0ms sync 0  (6s)
l_t12    desk x4 mid     fps 45.9 over33 16.3% js 0.2/0.8ms stale 0.0% jud 8.4px err 4.0px lag 109ms settle 86ms | js>8ms 0.0% dec 0 up 0/0ms sync 0  (5s)
l_t12    desk x4 stopgo  fps 60.0 over33 0.0% js 0.2/0.8ms stale 0.0% jud 8.4px err 5.2px lag 99ms settle 766ms | js>8ms 0.0% dec 0 up 0/0ms sync 0  (6s)
l_t12    desk x4 jump    fps 60.0 over33 3.0% js 0.1/0.6ms stale 0.0% jud 9.0px err 6.6px lag 0ms settle 1134ms | js>8ms 0.0% dec 0 up 0/0ms sync 0  (6s)
b_lin    desk x4 wheel   fps 60.0 over33 9.8% js 0.2/0.8ms stale 0.0% jud 0.0px err 0.0px lag 115ms settle 446ms | js>8ms 0.0% dec 0 up 0/0ms sync 0  (7s)
b_lin    desk x4 fling   fps 59.9 over33 8.1% js 0.2/0.7ms stale 0.0% jud 0.0px err 0.0px lag 152ms settle -ms | js>8ms 0.0% dec 0 up 0/0ms sync 0  (5s)
b_lin    desk x4 slow    fps 59.0 over33 7.8% js 0.2/0.7ms stale 0.0% jud 0.0px err 0.0px lag -ms settle -ms | js>8ms 0.0% dec 0 up 0/0ms sync 0  (6s)
b_lin    desk x4 mid     fps 47.4 over33 17.9% js 0.2/0.8ms stale 0.0% jud 0.0px err 0.0px lag 126ms settle 105ms | js>8ms 0.0% dec 0 up 0/0ms sync 0  (5s)
b_lin    desk x4 stopgo  fps 60.0 over33 0.0% js 0.2/0.6ms stale 0.0% jud 0.0px err 0.0px lag 126ms settle 583ms | js>8ms 0.0% dec 0 up 0/0ms sync 0  (6s)
b_lin    desk x4 jump    fps 60.0 over33 5.4% js 0.2/0.8ms stale 0.0% jud 0.0px err 0.0px lag 0ms settle 854ms | js>8ms 0.0% dec 0 up 0/0ms sync 0  (6s)
b_near   desk x4 wheel   fps 60.0 over33 4.7% js 0.2/0.8ms stale 0.0% jud 11.6px err 6.2px lag 124ms settle 461ms | js>8ms 0.0% dec 0 up 0/0ms sync 0  (7s)
b_near   desk x4 fling   fps 60.0 over33 4.9% js 0.2/0.7ms stale 0.0% jud 10.2px err 7.5px lag 157ms settle -ms | js>8ms 0.0% dec 0 up 0/0ms sync 0  (6s)
b_near   desk x4 slow    fps 59.7 over33 12.1% js 0.2/0.9ms stale 0.0% jud 14.2px err 7.7px lag -ms settle -ms | js>8ms 0.0% dec 0 up 0/0ms sync 0  (6s)
b_near   desk x4 mid     fps 40.4 over33 22.2% js 0.2/0.9ms stale 0.0% jud 10.8px err 5.7px lag 126ms settle 95ms | js>8ms 0.0% dec 0 up 0/0ms sync 0  (5s)
b_near   desk x4 stopgo  fps 60.0 over33 0.0% js 0.2/0.7ms stale 0.0% jud 10.8px err 5.8px lag 125ms settle 577ms | js>8ms 0.0% dec 0 up 0/0ms sync 0  (6s)
b_near   desk x4 jump    fps 60.0 over33 4.1% js 0.2/0.7ms stale 0.0% jud 9.9px err 6.2px lag 0ms settle 850ms | js>8ms 0.0% dec 0 up 0/0ms sync 0  (6s)
s_hint   desk x4 wheel   fps 60.0 over33 7.1% js 0.2/0.9ms stale 0.0% jud 7.5px err 5.8px lag 118ms settle 474ms | js>8ms 0.0% dec 0 up 0/0ms sync 0  (7s)
s_hint   desk x4 fling   fps 60.0 over33 9.8% js 0.3/1.0ms stale 0.0% jud 7.2px err 6.4px lag 153ms settle -ms | js>8ms 0.0% dec 0 up 0/0ms sync 0  (6s)
s_hint   desk x4 slow    fps 59.4 over33 15.1% js 0.2/0.8ms stale 0.0% jud 8.5px err 6.3px lag -ms settle -ms | js>8ms 0.0% dec 0 up 0/0ms sync 0  (6s)
s_hint   desk x4 mid     fps 32.6 over33 30.4% js 0.3/1.0ms stale 0.0% jud 9.6px err 4.6px lag 126ms settle 111ms | js>8ms 0.0% dec 0 up 0/0ms sync 0  (5s)
s_hint   desk x4 stopgo  fps 60.0 over33 0.0% js 0.2/0.8ms stale 0.0% jud 8.7px err 5.1px lag 126ms settle 583ms | js>8ms 0.0% dec 0 up 0/0ms sync 0  (6s)
s_hint   desk x4 jump    fps 60.0 over33 6.4% js 0.2/0.9ms stale 0.0% jud 8.4px err 5.8px lag 0ms settle 935ms | js>8ms 0.0% dec 0 up 0/0ms sync 0  (6s)
k2_nar   desk x4 wheel   fps 60.0 over33 9.8% js 0.2/0.8ms stale 0.0% jud 3.9px err 3.5px lag 116ms settle 450ms | js>8ms 0.0% dec 0 up 0/0ms sync 0  (9s)
k2_nar   desk x4 fling   fps 60.0 over33 11.3% js 0.2/0.7ms stale 0.0% jud 3.5px err 3.4px lag 148ms settle -ms | js>8ms 0.0% dec 0 up 0/0ms sync 0  (6s)
k2_nar   desk x4 slow    fps 48.9 over33 20.3% js 0.2/0.9ms stale 0.0% jud 5.1px err 3.0px lag -ms settle -ms | js>8ms 0.0% dec 0 up 0/0ms sync 0  (6s)
k2_nar   desk x4 mid     fps 38.7 over33 25.6% js 0.2/0.8ms stale 0.0% jud 4.3px err 2.1px lag 128ms settle 105ms | js>8ms 0.0% dec 0 up 0/0ms sync 0  (5s)
k2_nar   desk x4 stopgo  fps 60.0 over33 0.7% js 0.2/0.5ms stale 0.0% jud 4.0px err 2.3px lag 125ms settle 567ms | js>8ms 0.3% dec 0 up 0/0ms sync 0  (6s)
k2_nar   desk x4 jump    fps 60.0 over33 3.4% js 0.1/0.6ms stale 0.0% jud 4.8px err 3.2px lag 0ms settle 848ms | js>8ms 0.0% dec 0 up 0/0ms sync 0  (6s)
k2_lin   desk x4 wheel   fps 60.1 over33 11.8% js 0.2/0.6ms stale 0.0% jud 0.0px err 0.0px lag 105ms settle 431ms | js>8ms 0.0% dec 0 up 0/0ms sync 0  (9s)
k2_lin   desk x4 fling   fps 60.0 over33 14.4% js 0.1/0.5ms stale 0.0% jud 0.0px err 0.0px lag 147ms settle -ms | js>8ms 0.0% dec 0 up 0/0ms sync 0  (6s)
k2_lin   desk x4 slow    fps 39.6 over33 29.9% js 0.3/0.9ms stale 0.0% jud 0.0px err 0.0px lag -ms settle -ms | js>8ms 0.0% dec 0 up 0/0ms sync 0  (6s)
k2_lin   desk x4 mid     fps 37.3 over33 27.1% js 0.2/0.8ms stale 0.0% jud 0.0px err 0.0px lag 122ms settle 116ms | js>8ms 0.0% dec 0 up 0/0ms sync 0  (5s)
k2_lin   desk x4 stopgo  fps 60.0 over33 2.0% js 0.2/0.6ms stale 0.0% jud 0.0px err 0.0px lag 122ms settle 560ms | js>8ms 0.0% dec 0 up 0/0ms sync 0  (6s)
k2_lin   desk x4 jump    fps 60.1 over33 5.7% js 0.2/0.7ms stale 0.0% jud 0.0px err 0.0px lag 0ms settle 851ms | js>8ms 0.0% dec 0 up 0/0ms sync 0  (6s)
k2_w20   desk x4 wheel   fps 60.0 over33 11.4% js 0.2/0.7ms stale 0.0% jud 0.0px err 0.0px lag 71ms settle 246ms | js>8ms 0.0% dec 0 up 0/0ms sync 0  (9s)
k2_w20   desk x4 fling   fps 59.9 over33 13.7% js 0.2/0.8ms stale 0.0% jud 0.0px err 0.0px lag 91ms settle -ms | js>8ms 0.0% dec 0 up 0/0ms sync 0  (6s)
k2_w20   desk x4 slow    fps 41.3 over33 29.2% js 0.2/0.8ms stale 0.0% jud 0.0px err 0.0px lag -ms settle -ms | js>8ms 0.0% dec 0 up 0/0ms sync 0  (6s)
k2_w20   desk x4 mid     fps 38.9 over33 31.7% js 0.3/0.9ms stale 0.0% jud 0.0px err 0.0px lag 80ms settle 108ms | js>8ms 0.0% dec 0 up 0/0ms sync 0  (5s)
k2_w20   desk x4 stopgo  fps 60.0 over33 1.4% js 0.2/0.8ms stale 0.0% jud 0.0px err 0.0px lag 90ms settle 366ms | js>8ms 0.0% dec 0 up 0/0ms sync 0  (6s)
k2_w20   desk x4 jump    fps 60.1 over33 5.1% js 0.2/0.6ms stale 0.0% jud 0.0px err 0.0px lag 0ms settle 601ms | js>8ms 0.0% dec 0 up 0/0ms sync 0  (6s)
k2_near  desk x4 wheel   fps 60.0 over33 9.1% js 0.2/0.9ms stale 0.0% jud 5.2px err 4.0px lag 112ms settle 455ms | js>8ms 0.0% dec 0 up 0/0ms sync 0  (9s)
k2_near  desk x4 fling   fps 60.0 over33 10.6% js 0.1/0.6ms stale 0.0% jud 5.1px err 4.0px lag 151ms settle -ms | js>8ms 0.0% dec 0 up 0/0ms sync 0  (6s)
k2_near  desk x4 slow    fps 53.2 over33 13.9% js 0.2/0.8ms stale 0.0% jud 7.1px err 3.7px lag -ms settle -ms | js>8ms 0.0% dec 0 up 0/0ms sync 0  (6s)
k2_near  desk x4 mid     fps 37.4 over33 27.1% js 0.3/1.0ms stale 0.0% jud 5.4px err 2.7px lag 124ms settle 102ms | js>8ms 0.0% dec 0 up 0/0ms sync 0  (5s)
k2_near  desk x4 stopgo  fps 60.0 over33 0.0% js 0.2/0.7ms stale 0.0% jud 5.5px err 3.0px lag 126ms settle 587ms | js>8ms 0.0% dec 0 up 0/0ms sync 0  (6s)
k2_near  desk x4 jump    fps 60.0 over33 3.7% js 0.1/0.6ms stale 0.0% jud 6.0px err 3.7px lag 0ms settle 853ms | js>8ms 0.0% dec 0 up 0/0ms sync 0  (6s)
