t_cur    desk x1 wheel   fps 60.0 over33 3.7% js 8.2/25.8ms stale 0.0% jud 0.1px err 0.0px lag 68ms settle 203ms | js>8ms 30.9% dec 0 up 0/0ms lite 95% sw 2  (9s)
t_cur    desk x1 fling   fps 60.0 over33 2.1% js 9.0/23.3ms stale 0.0% jud 3.6px err 3.7px lag 82ms settle -ms | js>8ms 37.0% dec 0 up 0/0ms lite 45% sw 2  (6s)
t_cur    desk x1 slow    fps 59.9 over33 4.5% js 10.6/28.3ms stale 0.0% jud 10.3px err 5.7px lag -ms settle -ms | js>8ms 29.4% dec 0 up 0/0ms lite 0% sw 0  (6s)
t_cur    desk x1 mid     fps 44.5 over33 2.2% js 17.4/25.1ms stale 0.0% jud 0.1px err 0.0px lag 71ms settle 49ms | js>8ms 89.4% dec 0 up 0/0ms lite 92% sw 2  (5s)
t_cur    desk x1 stopgo  fps 60.0 over33 0.3% js 6.3/18.6ms stale 0.0% jud 0.0px err 0.0px lag 71ms settle 298ms | js>8ms 18.9% dec 0 up 0/0ms lite 95% sw 6  (6s)
t_cur    desk x1 jump    fps 60.0 over33 0.3% js 7.5/21.8ms stale 0.0% jud 1.6px err 0.4px lag 0ms settle 491ms | js>8ms 18.5% dec 0 up 0/0ms lite 27% sw 6  (6s)
t_5      desk x1 wheel   fps 60.0 over33 0.3% js 7.9/21.4ms stale 0.0% jud 0.0px err 0.0px lag 79ms settle 216ms | js>8ms 29.2% dec 0 up 0/0ms lite 96% sw 2  (8s)
t_5      desk x1 fling   fps 60.0 over33 0.7% js 8.5/20.8ms stale 0.0% jud 2.0px err 2.8px lag 82ms settle -ms | js>8ms 33.8% dec 0 up 0/0ms lite 61% sw 2  (6s)
t_5      desk x1 slow    fps 60.0 over33 0.0% js 7.7/15.6ms stale 0.0% jud 0.0px err 0.0px lag -ms settle -ms | js>8ms 47.3% dec 0 up 0/0ms lite 95% sw 1  (6s)
t_5      desk x1 mid     fps 46.7 over33 1.0% js 15.8/26.4ms stale 0.0% jud 0.0px err 0.0px lag 71ms settle 58ms | js>8ms 75.8% dec 0 up 0/0ms lite 93% sw 2  (5s)
t_5      desk x1 stopgo  fps 60.0 over33 0.0% js 6.2/18.3ms stale 0.0% jud 0.0px err 0.0px lag 72ms settle 316ms | js>8ms 19.5% dec 0 up 0/0ms lite 96% sw 6  (6s)
t_5      desk x1 jump    fps 60.0 over33 0.7% js 7.6/21.4ms stale 0.0% jud 1.1px err 0.0px lag 0ms settle 500ms | js>8ms 22.2% dec 0 up 0/0ms lite 30% sw 6  (6s)
t_3      desk x1 wheel   fps 60.0 over33 0.7% js 11.8/21.1ms stale 0.0% jud 0.0px err 0.0px lag 75ms settle 219ms | js>8ms 76.4% dec 0 up 0/0ms lite 96% sw 2  (8s)
t_3      desk x1 fling   fps 60.0 over33 0.7% js 8.6/21.5ms stale 0.0% jud 1.1px err 2.3px lag 82ms settle -ms | js>8ms 36.0% dec 0 up 0/0ms lite 67% sw 2  (6s)
t_3      desk x1 slow    fps 59.9 over33 0.0% js 8.1/15.8ms stale 0.0% jud 0.0px err 0.0px lag -ms settle -ms | js>8ms 46.6% dec 0 up 0/0ms lite 95% sw 1  (6s)
t_3      desk x1 mid     fps 48.6 over33 1.5% js 15.0/25.4ms stale 0.0% jud 0.0px err 0.0px lag 71ms settle 52ms | js>8ms 75.2% dec 0 up 0/0ms lite 94% sw 1  (5s)
t_3      desk x1 stopgo  fps 60.0 over33 0.0% js 6.2/19.6ms stale 0.0% jud 0.0px err 0.0px lag 72ms settle 299ms | js>8ms 17.2% dec 0 up 0/0ms lite 96% sw 6  (6s)
t_3      desk x1 jump    fps 60.0 over33 1.0% js 8.0/22.8ms stale 0.0% jud 1.3px err 0.0px lag 0ms settle 498ms | js>8ms 22.8% dec 0 up 0/0ms lite 32% sw 6  (6s)
t_3f     desk x1 wheel   fps 60.0 over33 0.7% js 8.3/19.6ms stale 0.0% jud 0.0px err 0.0px lag 72ms settle 238ms | js>8ms 36.8% dec 0 up 0/0ms lite 96% sw 3  (8s)
t_3f     desk x1 fling   fps 60.0 over33 0.7% js 9.9/18.4ms stale 0.0% jud 1.2px err 2.3px lag 82ms settle -ms | js>8ms 60.2% dec 0 up 0/0ms lite 67% sw 3  (6s)
t_3f     desk x1 slow    fps 60.0 over33 0.3% js 8.1/15.9ms stale 0.0% jud 0.0px err 0.0px lag -ms settle -ms | js>8ms 46.2% dec 0 up 0/0ms lite 95% sw 1  (6s)
t_3f     desk x1 mid     fps 43.7 over33 2.2% js 17.7/24.9ms stale 0.0% jud 0.0px err 0.0px lag 71ms settle 50ms | js>8ms 91.4% dec 0 up 0/0ms lite 93% sw 2  (5s)
t_3f     desk x1 stopgo  fps 60.0 over33 0.3% js 8.3/22.7ms stale 0.0% jud 0.0px err 0.0px lag 70ms settle 293ms | js>8ms 38.5% dec 0 up 0/0ms lite 96% sw 8  (6s)
t_3f     desk x1 jump    fps 60.0 over33 0.3% js 8.6/19.2ms stale 0.0% jud 1.2px err 0.0px lag 0ms settle 500ms | js>8ms 32.6% dec 0 up 0/0ms lite 32% sw 6  (6s)
t_cur    desk x4 wheel   fps 18.1 over33 94.3% js 49.4/77.6ms stale 0.0% jud 0.1px err 0.0px lag 45ms settle 140ms | js>8ms 100.0% dec 0 up 0/0ms lite 92% sw 2  (14s)
t_cur    desk x4 fling   fps 17.8 over33 88.1% js 49.8/85.7ms stale 0.0% jud 0.0px err 0.0px lag 54ms settle 36ms | js>8ms 100.0% dec 0 up 0/0ms lite 92% sw 2  (6s)
t_cur    desk x4 slow    fps 15.2 over33 83.3% js 59.1/103.7ms stale 0.0% jud 2.0px err 0.4px lag -ms settle -ms | js>8ms 100.0% dec 0 up 0/0ms lite 75% sw 0  (7s)
t_cur    desk x4 mid     fps 12.6 over33 88.5% js 70.1/113.9ms stale 0.0% jud 0.1px err 0.0px lag 43ms settle 0ms | js>8ms 100.0% dec 0 up 0/0ms lite 86% sw 2  (6s)
t_cur    desk x4 stopgo  fps 21.9 over33 70.4% js 39.7/75.0ms stale 0.0% jud 0.1px err 0.0px lag 54ms settle 244ms | js>8ms 100.0% dec 0 up 0/0ms lite 92% sw 6  (7s)
t_cur    desk x4 jump    fps 31.8 over33 18.1% js 26.5/82.8ms stale 0.0% jud 3.5px err 1.2px lag 0ms settle 484ms | js>8ms 96.9% dec 0 up 0/0ms lite 77% sw 6  (7s)
t_5      desk x4 wheel   fps 31.2 over33 19.0% js 26.9/78.1ms stale 0.0% jud 0.1px err 0.0px lag 47ms settle 182ms | js>8ms 93.7% dec 0 up 0/0ms lite 95% sw 2  (14s)
t_5      desk x4 fling   fps 17.9 over33 89.3% js 49.5/87.5ms stale 0.0% jud 0.0px err 0.0px lag 56ms settle 0ms | js>8ms 98.9% dec 0 up 0/0ms lite 92% sw 2  (7s)
t_5      desk x4 slow    fps 20.2 over33 52.9% js 44.3/92.1ms stale 0.0% jud 0.1px err 0.0px lag -ms settle -ms | js>8ms 97.2% dec 0 up 0/0ms lite 92% sw 1  (7s)
t_5      desk x4 mid     fps 16.1 over33 69.7% js 54.8/89.3ms stale 0.0% jud 0.0px err 0.0px lag 44ms settle 0ms | js>8ms 98.6% dec 0 up 0/0ms lite 89% sw 2  (6s)
t_5      desk x4 stopgo  fps 36.3 over33 12.4% js 22.3/49.6ms stale 0.0% jud 0.8px err 0.0px lag 67ms settle 259ms | js>8ms 95.1% dec 0 up 0/0ms lite 95% sw 6  (6s)
t_5      desk x4 jump    fps 32.1 over33 21.7% js 26.2/82.0ms stale 0.0% jud 3.4px err 0.0px lag 0ms settle 476ms | js>8ms 94.4% dec 0 up 0/0ms lite 81% sw 6  (7s)
t_3      desk x4 wheel   fps 32.0 over33 18.7% js 26.5/78.4ms stale 0.0% jud 0.1px err 0.0px lag 43ms settle 183ms | js>8ms 93.1% dec 0 up 0/0ms lite 96% sw 2  (14s)
t_3      desk x4 fling   fps 17.8 over33 90.5% js 50.0/83.3ms stale 0.0% jud 0.0px err 0.0px lag 52ms settle 0ms | js>8ms 100.0% dec 0 up 0/0ms lite 92% sw 2  (6s)
t_3      desk x4 slow    fps 21.8 over33 51.4% js 40.6/79.4ms stale 0.0% jud 0.0px err 0.0px lag -ms settle -ms | js>8ms 97.4% dec 0 up 0/0ms lite 94% sw 1  (7s)
t_3      desk x4 mid     fps 14.1 over33 63.8% js 62.5/142.0ms stale 0.0% jud 0.0px err 0.0px lag 48ms settle 81ms | js>8ms 100.0% dec 0 up 0/0ms lite 86% sw 1  (6s)
t_3      desk x4 stopgo  fps 23.1 over33 61.9% js 37.8/93.6ms stale 0.0% jud 0.0px err 0.0px lag 57ms settle 275ms | js>8ms 99.2% dec 0 up 0/0ms lite 94% sw 4  (7s)
t_3      desk x4 jump    fps 33.7 over33 15.8% js 24.5/86.7ms stale 0.0% jud 2.9px err 0.0px lag 0ms settle 490ms | js>8ms 93.5% dec 0 up 0/0ms lite 82% sw 6  (7s)
t_3f     desk x4 wheel   fps 18.8 over33 86.0% js 47.1/77.9ms stale 0.0% jud 0.1px err 0.0px lag 47ms settle 160ms | js>8ms 100.0% dec 0 up 0/0ms lite 92% sw 2  (14s)
t_3f     desk x4 fling   fps 16.7 over33 96.2% js 53.5/83.3ms stale 0.0% jud 0.0px err 0.0px lag 48ms settle 0ms | js>8ms 100.0% dec 0 up 0/0ms lite 92% sw 3  (6s)
t_3f     desk x4 slow    fps 20.3 over33 54.8% js 43.7/90.1ms stale 0.0% jud 0.0px err 0.0px lag -ms settle -ms | js>8ms 93.6% dec 0 up 0/0ms lite 93% sw 1  (7s)
t_3f     desk x4 mid     fps 14.8 over33 85.2% js 59.9/98.7ms stale 0.0% jud 0.0px err 0.0px lag 46ms settle 84ms | js>8ms 100.0% dec 0 up 0/0ms lite 89% sw 3  (6s)
t_3f     desk x4 stopgo  fps 21.0 over33 84.6% js 41.8/80.5ms stale 0.0% jud 0.0px err 0.0px lag 52ms settle 294ms | js>8ms 99.1% dec 0 up 0/0ms lite 93% sw 6  (7s)
t_3f     desk x4 jump    fps 32.2 over33 21.0% js 26.1/77.8ms stale 0.0% jud 2.5px err 0.0px lag 0ms settle 489ms | js>8ms 87.0% dec 0 up 0/0ms lite 80% sw 6  (7s)
