lod1     desk x1 wheel   fps 60.0 over33 0.0% js 9.0/17.1ms stale 0.0% jud 0.9px err 0.2px lag 92ms settle 300ms | js>8ms 42.1% dec 0 up 0/0ms lite 42% sw 2  (7s)
lod1     desk x1 mid     fps 59.1 over33 0.8% js 11.6/19.6ms stale 0.0% jud 0.0px err 0.0px lag 91ms settle 67ms | js>8ms 82.8% dec 0 up 0/0ms lite 93% sw 2  (5s)
lod1     desk x1 fling   fps 60.0 over33 1.4% js 8.9/17.8ms stale 0.0% jud 2.9px err 3.7px lag 104ms settle -ms | js>8ms 43.4% dec 0 up 0/0ms lite 45% sw 2  (6s)
lod1     desk x1 slow    fps 56.1 over33 12.1% js 11.8/32.0ms stale 0.0% jud 11.1px err 6.1px lag -ms settle -ms | js>8ms 29.3% dec 0 up 0/0ms lite 0% sw 0  (6s)
lod1     desk x1 stopgo  fps 60.0 over33 0.0% js 8.7/16.4ms stale 0.0% jud 1.5px err 0.8px lag 89ms settle 381ms | js>8ms 45.0% dec 0 up 0/0ms lite 46% sw 6  (6s)
g_off    desk x1 wheel   fps 60.0 over33 1.0% js 9.9/20.0ms stale 0.0% jud 1.0px err 0.2px lag 87ms settle 278ms | js>8ms 44.4% dec 0 up 0/0ms lite 35% sw 2  (9s)
g_off    desk x1 mid     fps 50.6 over33 1.9% js 14.5/28.0ms stale 0.0% jud 0.0px err 0.0px lag 90ms settle 79ms | js>8ms 82.8% dec 0 up 0/0ms lite 92% sw 2  (5s)
g_off    desk x1 fling   fps 60.0 over33 3.5% js 10.8/23.8ms stale 0.0% jud 3.3px err 4.4px lag 99ms settle -ms | js>8ms 44.3% dec 0 up 0/0ms lite 35% sw 2  (7s)
g_off    desk x1 slow    fps 59.8 over33 5.5% js 10.9/29.1ms stale 0.0% jud 10.9px err 6.2px lag -ms settle -ms | js>8ms 27.8% dec 0 up 0/0ms lite 0% sw 0  (6s)
g_off    desk x1 stopgo  fps 60.0 over33 0.3% js 9.7/21.6ms stale 0.0% jud 1.4px err 0.9px lag 86ms settle 381ms | js>8ms 45.8% dec 0 up 0/0ms lite 44% sw 6  (6s)
g_on     desk x1 wheel   fps 60.0 over33 0.3% js 11.1/21.6ms stale 0.0% jud 0.0px err 0.0px lag 91ms settle 308ms | js>8ms 72.1% dec 0 up 0/0ms lite 95% sw 2  (8s)
g_on     desk x1 mid     fps 53.6 over33 0.9% js 13.5/22.5ms stale 0.0% jud 0.0px err 0.0px lag 89ms settle 66ms | js>8ms 78.4% dec 0 up 0/0ms lite 93% sw 2  (5s)
g_on     desk x1 fling   fps 60.0 over33 0.4% js 11.6/20.4ms stale 0.0% jud 0.0px err 0.0px lag 100ms settle -ms | js>8ms 78.6% dec 0 up 0/0ms lite 95% sw 2  (8s)
g_on     desk x1 slow    fps 56.3 over33 8.3% js 11.3/31.4ms stale 0.0% jud 11.5px err 6.2px lag -ms settle -ms | js>8ms 27.1% dec 0 up 0/0ms lite 0% sw 0  (6s)
g_on     desk x1 stopgo  fps 60.0 over33 0.3% js 9.1/18.2ms stale 0.0% jud 1.4px err 0.8px lag 88ms settle 380ms | js>8ms 47.2% dec 0 up 0/0ms lite 46% sw 6  (6s)
g_on2    desk x1 wheel   fps 60.0 over33 0.0% js 8.5/14.3ms stale 0.0% jud 0.9px err 0.2px lag 100ms settle 302ms | js>8ms 47.2% dec 0 up 0/0ms lite 44% sw 3  (8s)
g_on2    desk x1 mid     fps 59.7 over33 0.4% js 10.9/16.8ms stale 0.0% jud 0.0px err 0.0px lag 91ms settle 77ms | js>8ms 77.9% dec 0 up 0/0ms lite 93% sw 3  (5s)
g_on2    desk x1 fling   fps 60.0 over33 1.1% js 8.4/14.2ms stale 0.0% jud 3.7px err 3.7px lag 104ms settle -ms | js>8ms 42.8% dec 0 up 0/0ms lite 45% sw 3  (6s)
g_on2    desk x1 slow    fps 54.5 over33 7.5% js 12.0/30.4ms stale 0.0% jud 10.5px err 4.9px lag -ms settle -ms | js>8ms 39.6% dec 0 up 0/0ms lite 16% sw 0  (6s)
g_on2    desk x1 stopgo  fps 60.0 over33 0.0% js 8.6/14.9ms stale 0.0% jud 1.5px err 0.7px lag 90ms settle 367ms | js>8ms 44.7% dec 0 up 0/0ms lite 48% sw 9  (6s)
lod1     desk x4 wheel   fps 22.7 over33 61.3% js 38.5/84.8ms stale 0.0% jud 1.8px err 0.7px lag 60ms settle 222ms | js>8ms 100.0% dec 0 up 0/0ms lite 25% sw 2  (10s)
lod1     desk x4 mid     fps 15.2 over33 91.9% js 60.3/90.2ms stale 0.0% jud 0.1px err 0.0px lag 63ms settle 73ms | js>8ms 100.0% dec 0 up 0/0ms lite 85% sw 2  (6s)
lod1     desk x4 fling   fps 19.9 over33 66.7% js 44.5/108.4ms stale 0.0% jud 4.3px err 4.2px lag 82ms settle -ms | js>8ms 100.0% dec 0 up 0/0ms lite 38% sw 2  (6s)
lod1     desk x4 slow    fps 13.3 over33 81.2% js 69.0/170.5ms stale 0.0% jud 8.8px err 3.3px lag -ms settle -ms | js>8ms 100.0% dec 0 up 0/0ms lite 36% sw 2  (7s)
lod1     desk x4 stopgo  fps 25.5 over33 59.2% js 34.1/57.4ms stale 0.0% jud 1.9px err 0.7px lag 74ms settle 362ms | js>8ms 100.0% dec 0 up 0/0ms lite 38% sw 6  (6s)
g_off    desk x4 wheel   fps 22.1 over33 56.5% js 39.9/83.5ms stale 0.0% jud 1.9px err 0.7px lag 59ms settle 284ms | js>8ms 100.0% dec 0 up 0/0ms lite 25% sw 2  (14s)
g_off    desk x4 mid     fps 14.2 over33 94.8% js 64.2/87.9ms stale 0.0% jud 0.1px err 0.0px lag 62ms settle 73ms | js>8ms 100.0% dec 0 up 0/0ms lite 86% sw 2  (6s)
g_off    desk x4 fling   fps 18.5 over33 64.4% js 47.9/106.4ms stale 0.0% jud 5.4px err 4.7px lag 72ms settle -ms | js>8ms 100.0% dec 0 up 0/0ms lite 32% sw 2  (6s)
g_off    desk x4 slow    fps 9.3 over33 89.4% js 102.1/178.9ms stale 0.0% jud 12.2px err 5.8px lag -ms settle -ms | js>8ms 100.0% dec 0 up 0/0ms lite 0% sw 0  (7s)
g_off    desk x4 stopgo  fps 21.5 over33 63.8% js 40.8/83.3ms stale 0.0% jud 2.4px err 0.8px lag 59ms settle 326ms | js>8ms 100.0% dec 0 up 0/0ms lite 32% sw 6  (7s)
g_on     desk x4 wheel   fps 18.5 over33 89.0% js 47.9/81.2ms stale 0.0% jud 0.2px err 0.0px lag 60ms settle 240ms | js>8ms 100.0% dec 0 up 0/0ms lite 92% sw 2  (15s)
g_on     desk x4 mid     fps 16.9 over33 95.7% js 52.7/82.7ms stale 0.0% jud 0.0px err 0.0px lag 68ms settle 53ms | js>8ms 100.0% dec 0 up 0/0ms lite 89% sw 2  (6s)
g_on     desk x4 fling   fps 18.7 over33 92.0% js 47.2/84.3ms stale 0.0% jud 0.0px err 0.0px lag 71ms settle -ms | js>8ms 100.0% dec 0 up 0/0ms lite 92% sw 2  (6s)
g_on     desk x4 slow    fps 18.7 over33 92.6% js 47.4/101.5ms stale 0.0% jud 1.1px err 0.2px lag -ms settle -ms | js>8ms 100.0% dec 0 up 0/0ms lite 79% sw 0  (7s)
g_on     desk x4 stopgo  fps 20.1 over33 94.9% js 44.0/70.0ms stale 0.0% jud 1.2px err 0.2px lag 71ms settle 355ms | js>8ms 100.0% dec 0 up 0/0ms lite 91% sw 6  (7s)
g_on2    desk x4 wheel   fps 21.2 over33 91.3% js 42.0/57.0ms stale 0.0% jud 0.1px err 0.0px lag 70ms settle 306ms | js>8ms 100.0% dec 0 up 0/0ms lite 94% sw 3  (14s)
g_on2    desk x4 mid     fps 19.3 over33 92.4% js 45.4/64.0ms stale 0.0% jud 0.1px err 0.0px lag 73ms settle 65ms | js>8ms 100.0% dec 0 up 0/0ms lite 88% sw 3  (6s)
g_on2    desk x4 fling   fps 22.7 over33 84.1% js 38.8/54.5ms stale 0.0% jud 0.1px err 0.0px lag 85ms settle -ms | js>8ms 100.0% dec 0 up 0/0ms lite 93% sw 2  (6s)
g_on2    desk x4 slow    fps 17.7 over33 91.1% js 50.0/103.1ms stale 0.0% jud 2.1px err 0.3px lag -ms settle -ms | js>8ms 100.0% dec 0 up 0/0ms lite 78% sw 0  (7s)
g_on2    desk x4 stopgo  fps 18.3 over33 92.1% js 48.6/96.6ms stale 0.0% jud 1.2px err 0.3px lag 69ms settle 324ms | js>8ms 100.0% dec 0 up 0/0ms lite 90% sw 7  (7s)
lod1     mob x1 wheel   fps 59.9 over33 0.3% js 12.0/21.9ms stale 0.0% jud 0.9px err 0.2px lag 91ms settle 306ms | js>8ms 68.1% dec 0 up 0/0ms lite 32% sw 2  (7s)
lod1     mob x1 mid     fps 52.0 over33 1.4% js 14.5/24.2ms stale 0.0% jud 0.1px err 0.0px lag 89ms settle 43ms | js>8ms 89.5% dec 0 up 0/0ms lite 83% sw 2  (5s)
lod1     mob x1 fling   fps 59.4 over33 1.1% js 11.7/19.3ms stale 0.0% jud 2.8px err 2.9px lag 103ms settle 576ms | js>8ms 80.1% dec 0 up 0/0ms lite 44% sw 2  (6s)
lod1     mob x1 slow    fps 58.0 over33 2.0% js 11.9/26.2ms stale 0.0% jud 10.7px err 5.8px lag -ms settle -ms | js>8ms 51.5% dec 0 up 0/0ms lite 0% sw 0  (6s)
lod1     mob x1 stopgo  fps 60.0 over33 0.0% js 10.9/18.6ms stale 0.0% jud 3.2px err 1.4px lag 88ms settle 382ms | js>8ms 69.8% dec 0 up 0/0ms lite 44% sw 6  (6s)
g_off    mob x1 wheel   fps 60.0 over33 2.0% js 12.1/25.2ms stale 0.0% jud 1.0px err 0.2px lag 85ms settle 302ms | js>8ms 65.4% dec 0 up 0/0ms lite 28% sw 2  (8s)
g_off    mob x1 mid     fps 46.1 over33 2.6% js 17.1/26.8ms stale 0.0% jud 0.1px err 0.0px lag 88ms settle 64ms | js>8ms 89.8% dec 0 up 0/0ms lite 81% sw 2  (5s)
g_off    mob x1 fling   fps 54.4 over33 4.7% js 13.8/28.2ms stale 0.0% jud 3.2px err 3.9px lag 97ms settle -ms | js>8ms 65.0% dec 0 up 0/0ms lite 27% sw 2  (7s)
g_off    mob x1 slow    fps 56.5 over33 5.5% js 12.8/29.3ms stale 0.0% jud 12.0px err 6.3px lag -ms settle -ms | js>8ms 61.5% dec 0 up 0/0ms lite 0% sw 0  (6s)
g_off    mob x1 stopgo  fps 60.0 over33 0.0% js 11.3/21.5ms stale 0.0% jud 2.6px err 1.5px lag 86ms settle 385ms | js>8ms 70.2% dec 0 up 0/0ms lite 40% sw 6  (6s)
g_on     mob x1 wheel   fps 50.0 over33 3.2% js 15.4/25.5ms stale 0.0% jud 0.1px err 0.0px lag 91ms settle 318ms | js>8ms 95.2% dec 0 up 0/0ms lite 94% sw 2  (8s)
g_on     mob x1 mid     fps 50.7 over33 1.0% js 15.2/23.4ms stale 0.0% jud 0.1px err 0.0px lag 89ms settle 71ms | js>8ms 95.3% dec 0 up 0/0ms lite 93% sw 2  (5s)
g_on     mob x1 fling   fps 52.2 over33 1.6% js 14.6/24.3ms stale 0.0% jud 0.0px err 0.0px lag 101ms settle -ms | js>8ms 96.8% dec 0 up 0/0ms lite 95% sw 2  (6s)
g_on     mob x1 slow    fps 56.4 over33 2.1% js 12.4/27.1ms stale 0.0% jud 11.4px err 5.9px lag -ms settle -ms | js>8ms 58.3% dec 0 up 0/0ms lite 0% sw 0  (6s)
g_on     mob x1 stopgo  fps 52.9 over33 1.1% js 14.4/21.7ms stale 0.0% jud 0.1px err 0.0px lag 86ms settle 391ms | js>8ms 97.8% dec 0 up 0/0ms lite 94% sw 6  (6s)
g_on2    mob x1 wheel   fps 56.7 over33 0.4% js 13.1/19.7ms stale 0.0% jud 0.0px err 0.0px lag 86ms settle 309ms | js>8ms 95.8% dec 0 up 0/0ms lite 95% sw 3  (8s)
g_on2    mob x1 mid     fps 58.8 over33 0.4% js 12.5/16.5ms stale 0.0% jud 0.0px err 0.0px lag 91ms settle 71ms | js>8ms 90.3% dec 0 up 0/0ms lite 85% sw 3  (5s)
g_on2    mob x1 fling   fps 60.0 over33 0.4% js 11.3/18.9ms stale 0.0% jud 2.7px err 3.1px lag 103ms settle -ms | js>8ms 75.1% dec 0 up 0/0ms lite 42% sw 3  (8s)
g_on2    mob x1 slow    fps 59.6 over33 1.0% js 11.4/24.4ms stale 0.0% jud 11.2px err 6.0px lag -ms settle -ms | js>8ms 47.4% dec 0 up 0/0ms lite 0% sw 0  (6s)
g_on2    mob x1 stopgo  fps 60.0 over33 0.3% js 10.9/17.5ms stale 0.0% jud 3.5px err 1.5px lag 88ms settle 379ms | js>8ms 74.2% dec 0 up 0/0ms lite 44% sw 9  (6s)
lod1     mob x4 wheel   fps 16.4 over33 96.2% js 55.2/97.7ms stale 0.0% jud 4.3px err 0.8px lag 56ms settle 239ms | js>8ms 100.0% dec 0 up 0/0ms lite 27% sw 2  (10s)
lod1     mob x4 mid     fps 11.2 over33 100.0% js 80.3/109.2ms stale 0.0% jud 0.1px err 0.0px lag 55ms settle 98ms | js>8ms 100.0% dec 0 up 0/0ms lite 80% sw 2  (6s)
lod1     mob x4 fling   fps 15.4 over33 100.0% js 58.0/101.8ms stale 0.0% jud 4.6px err 3.3px lag 69ms settle 205ms | js>8ms 100.0% dec 0 up 0/0ms lite 35% sw 2  (7s)
lod1     mob x4 slow    fps 9.2 over33 100.0% js 99.7/163.4ms stale 0.0% jud 10.0px err 5.8px lag -ms settle -ms | js>8ms 100.0% dec 0 up 0/0ms lite 0% sw 0  (7s)
lod1     mob x4 stopgo  fps 16.2 over33 100.0% js 56.3/101.3ms stale 0.0% jud 4.3px err 1.6px lag 58ms settle 318ms | js>8ms 100.0% dec 0 up 0/0ms lite 36% sw 6  (7s)
g_off    mob x4 wheel   fps 15.9 over33 100.0% js 57.1/94.8ms stale 0.0% jud 4.4px err 0.8px lag 53ms settle 369ms | js>8ms 100.0% dec 0 up 0/0ms lite 28% sw 2  (15s)
g_off    mob x4 mid     fps 10.9 over33 100.0% js 81.9/119.2ms stale 0.0% jud 0.1px err 0.0px lag 57ms settle 88ms | js>8ms 100.0% dec 0 up 0/0ms lite 80% sw 2  (6s)
g_off    mob x4 fling   fps 13.7 over33 98.4% js 68.4/123.3ms stale 0.0% jud 3.8px err 3.3px lag 63ms settle 0ms | js>8ms 100.0% dec 0 up 0/0ms lite 32% sw 2  (7s)
g_off    mob x4 slow    fps 8.6 over33 100.0% js 103.7/293.6ms stale 0.0% jud 9.0px err 4.3px lag -ms settle -ms | js>8ms 100.0% dec 0 up 0/0ms lite 18% sw 2  (8s)
g_off    mob x4 stopgo  fps 15.3 over33 98.6% js 58.6/125.6ms stale 0.0% jud 4.7px err 1.4px lag 56ms settle 445ms | js>8ms 100.0% dec 0 up 0/0ms lite 32% sw 6  (7s)
g_on     mob x4 wheel   fps 13.8 over33 100.0% js 65.8/104.5ms stale 0.0% jud 0.1px err 0.0px lag 57ms settle 332ms | js>8ms 100.0% dec 0 up 0/0ms lite 93% sw 2  (15s)
g_on     mob x4 mid     fps 11.8 over33 100.0% js 75.7/109.2ms stale 0.0% jud 0.1px err 0.0px lag 58ms settle 0ms | js>8ms 100.0% dec 0 up 0/0ms lite 89% sw 2  (6s)
g_on     mob x4 fling   fps 12.3 over33 100.0% js 73.7/112.0ms stale 0.0% jud 2.2px err 0.0px lag 67ms settle 0ms | js>8ms 100.0% dec 0 up 0/0ms lite 90% sw 2  (7s)
g_on     mob x4 slow    fps 13.0 over33 100.0% js 70.2/102.4ms stale 0.0% jud 2.1px err 0.5px lag -ms settle -ms | js>8ms 100.0% dec 0 up 0/0ms lite 73% sw 0  (8s)
g_on     mob x4 stopgo  fps 11.9 over33 100.0% js 74.8/111.3ms stale 0.0% jud 2.1px err 0.3px lag 60ms settle 290ms | js>8ms 100.0% dec 0 up 0/0ms lite 89% sw 6  (7s)
g_on2    mob x4 wheel   fps 13.9 over33 100.0% js 65.6/89.6ms stale 0.0% jud 0.1px err 0.0px lag 58ms settle 246ms | js>8ms 100.0% dec 0 up 0/0ms lite 93% sw 3  (15s)
g_on2    mob x4 mid     fps 14.3 over33 100.0% js 62.6/84.7ms stale 0.0% jud 0.1px err 0.0px lag 64ms settle 0ms | js>8ms 100.0% dec 0 up 0/0ms lite 90% sw 3  (6s)
g_on2    mob x4 fling   fps 13.7 over33 100.0% js 65.7/83.1ms stale 0.0% jud 0.2px err 0.0px lag 69ms settle 0ms | js>8ms 100.0% dec 0 up 0/0ms lite 91% sw 2  (7s)
g_on2    mob x4 slow    fps 12.9 over33 100.0% js 70.5/114.3ms stale 0.0% jud 2.6px err 0.4px lag -ms settle -ms | js>8ms 100.0% dec 0 up 0/0ms lite 73% sw 0  (7s)
g_on2    mob x4 stopgo  fps 12.8 over33 100.0% js 70.7/99.7ms stale 0.0% jud 4.1px err 0.5px lag 60ms settle 371ms | js>8ms 100.0% dec 0 up 0/0ms lite 88% sw 9  (7s)
