m_cur    mob x1 wheel   fps 41.2 over33 19.1% js 19.5/44.8ms stale 0.0% jud 0.1px err 0.0px lag 59ms settle 213ms | js>8ms 94.7% dec 0 up 0/0ms lite 93% sw 2  (10s)
m_cur    mob x1 fling   fps 40.9 over33 17.5% js 19.8/44.4ms stale 0.0% jud 0.0px err 0.0px lag 79ms settle 484ms | js>8ms 98.0% dec 0 up 0/0ms lite 93% sw 2  (6s)
m_cur    mob x1 slow    fps 52.1 over33 7.5% js 14.8/34.0ms stale 0.0% jud 9.9px err 5.1px lag -ms settle -ms | js>8ms 61.9% dec 0 up 0/0ms lite 14% sw 0  (6s)
m_cur    mob x1 mid     fps 49.2 over33 1.5% js 15.8/23.8ms stale 0.0% jud 0.0px err 0.0px lag 73ms settle 36ms | js>8ms 89.5% dec 0 up 0/0ms lite 93% sw 2  (5s)
m_cur    mob x1 stopgo  fps 51.9 over33 0.8% js 14.8/22.0ms stale 0.0% jud 0.0px err 0.0px lag 72ms settle 318ms | js>8ms 98.1% dec 0 up 0/0ms lite 95% sw 6  (6s)
m_cur    mob x1 jump    fps 58.6 over33 2.1% js 10.9/23.4ms stale 0.0% jud 1.2px err 0.2px lag 0ms settle 499ms | js>8ms 63.5% dec 0 up 0/0ms lite 22% sw 6  (6s)
m_540    mob x1 wheel   fps 50.8 over33 3.2% js 15.2/26.0ms stale 0.0% jud 0.0px err 0.0px lag 71ms settle 252ms | js>8ms 96.9% dec 0 up 0/0ms lite 95% sw 2  (8s)
m_540    mob x1 fling   fps 44.0 over33 13.9% js 18.1/37.2ms stale 0.0% jud 0.0px err 0.0px lag 79ms settle 210ms | js>8ms 98.1% dec 0 up 0/0ms lite 94% sw 2  (6s)
m_540    mob x1 slow    fps 51.4 over33 0.8% js 15.0/22.3ms stale 0.0% jud 0.0px err 0.0px lag -ms settle -ms | js>8ms 96.3% dec 0 up 0/0ms lite 94% sw 1  (6s)
m_540    mob x1 mid     fps 50.1 over33 2.4% js 15.4/25.7ms stale 0.0% jud 0.0px err 0.0px lag 73ms settle 35ms | js>8ms 91.0% dec 0 up 0/0ms lite 94% sw 2  (5s)
m_540    mob x1 stopgo  fps 56.0 over33 0.4% js 13.4/21.0ms stale 0.0% jud 0.0px err 0.0px lag 71ms settle 323ms | js>8ms 96.5% dec 0 up 0/0ms lite 95% sw 6  (6s)
m_540    mob x1 jump    fps 60.0 over33 1.0% js 10.6/21.0ms stale 0.0% jud 0.9px err 0.0px lag 0ms settle 501ms | js>8ms 69.5% dec 0 up 0/0ms lite 27% sw 6  (6s)
m_630    mob x1 wheel   fps 46.5 over33 10.4% js 16.9/32.7ms stale 0.0% jud 0.0px err 0.0px lag 64ms settle 236ms | js>8ms 97.0% dec 0 up 0/0ms lite 94% sw 2  (9s)
m_630    mob x1 fling   fps 48.5 over33 4.3% js 16.0/27.6ms stale 0.0% jud 0.0px err 0.0px lag 76ms settle 615ms | js>8ms 96.6% dec 0 up 0/0ms lite 94% sw 2  (6s)
m_630    mob x1 slow    fps 48.3 over33 0.8% js 16.1/23.6ms stale 0.0% jud 0.0px err 0.0px lag -ms settle -ms | js>8ms 95.3% dec 0 up 0/0ms lite 94% sw 1  (8s)
m_630    mob x1 mid     fps 41.3 over33 8.8% js 19.4/30.7ms stale 0.0% jud 0.0px err 0.0px lag 68ms settle 50ms | js>8ms 87.5% dec 0 up 0/0ms lite 93% sw 2  (5s)
m_630    mob x1 stopgo  fps 51.2 over33 1.2% js 15.0/27.3ms stale 0.0% jud 0.0px err 0.0px lag 69ms settle 305ms | js>8ms 97.7% dec 0 up 0/0ms lite 95% sw 6  (6s)
m_630    mob x1 jump    fps 60.0 over33 2.4% js 10.3/26.3ms stale 0.0% jud 1.0px err 0.0px lag 0ms settle 497ms | js>8ms 49.8% dec 0 up 0/0ms lite 24% sw 6  (6s)
m_675    mob x1 wheel   fps 47.2 over33 4.7% js 16.7/28.3ms stale 0.0% jud 0.0px err 0.0px lag 66ms settle 226ms | js>8ms 96.2% dec 0 up 0/0ms lite 95% sw 2  (8s)
m_675    mob x1 fling   fps 47.7 over33 10.6% js 16.4/32.3ms stale 0.0% jud 0.0px err 0.0px lag 75ms settle 467ms | js>8ms 97.8% dec 0 up 0/0ms lite 94% sw 2  (6s)
m_675    mob x1 slow    fps 46.5 over33 3.8% js 16.9/26.6ms stale 0.0% jud 0.0px err 0.0px lag -ms settle -ms | js>8ms 95.9% dec 0 up 0/0ms lite 93% sw 1  (8s)
m_675    mob x1 mid     fps 40.4 over33 18.0% js 19.9/34.0ms stale 0.0% jud 0.0px err 0.0px lag 68ms settle 57ms | js>8ms 89.0% dec 0 up 0/0ms lite 92% sw 2  (5s)
m_675    mob x1 stopgo  fps 52.2 over33 3.1% js 14.7/27.2ms stale 0.0% jud 0.0px err 0.0px lag 68ms settle 317ms | js>8ms 95.4% dec 0 up 0/0ms lite 95% sw 6  (6s)
m_675    mob x1 jump    fps 60.0 over33 3.4% js 10.5/28.5ms stale 0.0% jud 1.0px err 0.0px lag 0ms settle 491ms | js>8ms 56.1% dec 0 up 0/0ms lite 23% sw 6  (6s)
m_720    mob x1 wheel   fps 47.9 over33 6.8% js 16.3/30.3ms stale 0.0% jud 0.0px err 0.0px lag 62ms settle 248ms | js>8ms 94.2% dec 0 up 0/0ms lite 95% sw 2  (8s)
m_720    mob x1 fling   fps 46.7 over33 10.0% js 16.8/31.1ms stale 0.0% jud 0.0px err 0.0px lag 74ms settle 450ms | js>8ms 94.7% dec 0 up 0/0ms lite 94% sw 2  (6s)
m_720    mob x1 slow    fps 46.8 over33 2.1% js 16.7/26.8ms stale 0.0% jud 0.0px err 0.0px lag -ms settle -ms | js>8ms 93.1% dec 0 up 0/0ms lite 93% sw 1  (8s)
m_720    mob x1 mid     fps 40.8 over33 20.7% js 19.7/33.9ms stale 0.0% jud 0.0px err 0.0px lag 69ms settle 64ms | js>8ms 87.9% dec 0 up 0/0ms lite 93% sw 2  (5s)
m_720    mob x1 stopgo  fps 47.7 over33 9.3% js 16.4/31.3ms stale 0.0% jud 0.0px err 0.0px lag 66ms settle 300ms | js>8ms 94.6% dec 0 up 0/0ms lite 95% sw 6  (6s)
m_720    mob x1 jump    fps 60.0 over33 6.4% js 10.7/29.6ms stale 0.0% jud 1.0px err 0.0px lag 0ms settle 496ms | js>8ms 48.0% dec 0 up 0/0ms lite 21% sw 6  (6s)
m_cur    mob x4 wheel   fps 13.2 over33 100.0% js 68.4/107.8ms stale 0.0% jud 0.1px err 0.0px lag 40ms settle 177ms | js>8ms 100.0% dec 0 up 0/0ms lite 91% sw 2  (15s)
m_cur    mob x4 fling   fps 13.1 over33 100.0% js 68.5/96.7ms stale 0.0% jud 0.0px err 0.0px lag 44ms settle 0ms | js>8ms 100.0% dec 0 up 0/0ms lite 91% sw 2  (7s)
m_cur    mob x4 slow    fps 12.4 over33 100.0% js 73.1/101.6ms stale 0.0% jud 2.6px err 0.6px lag -ms settle -ms | js>8ms 100.0% dec 0 up 0/0ms lite 72% sw 0  (7s)
m_cur    mob x4 mid     fps 13.1 over33 98.1% js 68.3/98.2ms stale 0.0% jud 0.1px err 0.0px lag 44ms settle 0ms | js>8ms 100.0% dec 0 up 0/0ms lite 90% sw 2  (6s)
m_cur    mob x4 stopgo  fps 13.2 over33 100.0% js 67.9/100.1ms stale 0.0% jud 3.5px err 0.4px lag 46ms settle 219ms | js>8ms 100.0% dec 0 up 0/0ms lite 90% sw 6  (7s)
m_cur    mob x4 jump    fps 14.6 over33 100.0% js 61.8/92.9ms stale 0.0% jud 3.2px err 0.4px lag 0ms settle 495ms | js>8ms 100.0% dec 0 up 0/0ms lite 62% sw 6  (7s)
m_540    mob x4 wheel   fps 12.4 over33 100.0% js 73.3/101.8ms stale 0.0% jud 0.1px err 0.0px lag 40ms settle 174ms | js>8ms 100.0% dec 0 up 0/0ms lite 91% sw 2  (15s)
m_540    mob x4 fling   fps 12.3 over33 100.0% js 73.8/106.3ms stale 0.0% jud 0.0px err 0.0px lag 46ms settle 0ms | js>8ms 100.0% dec 0 up 0/0ms lite 92% sw 2  (7s)
m_540    mob x4 slow    fps 13.4 over33 100.0% js 67.7/93.7ms stale 0.0% jud 0.1px err 0.0px lag -ms settle -ms | js>8ms 100.0% dec 0 up 0/0ms lite 90% sw 1  (7s)
m_540    mob x4 mid     fps 13.2 over33 100.0% js 67.3/94.0ms stale 0.0% jud 0.1px err 0.0px lag 43ms settle 0ms | js>8ms 100.0% dec 0 up 0/0ms lite 90% sw 2  (6s)
m_540    mob x4 stopgo  fps 14.9 over33 100.0% js 60.8/88.0ms stale 0.0% jud 0.1px err 0.0px lag 49ms settle 317ms | js>8ms 100.0% dec 0 up 0/0ms lite 94% sw 2  (7s)
m_540    mob x4 jump    fps 14.3 over33 100.0% js 63.1/95.9ms stale 0.0% jud 3.7px err 0.0px lag 0ms settle 486ms | js>8ms 100.0% dec 0 up 0/0ms lite 65% sw 6  (8s)
m_630    mob x4 wheel   fps 11.9 over33 100.0% js 76.2/113.1ms stale 0.0% jud 0.1px err 0.0px lag 41ms settle 293ms | js>8ms 100.0% dec 0 up 0/0ms lite 92% sw 2  (14s)
m_630    mob x4 fling   fps 11.3 over33 100.0% js 80.1/113.8ms stale 0.0% jud 0.0px err 0.0px lag 46ms settle 0ms | js>8ms 100.0% dec 0 up 0/0ms lite 91% sw 2  (7s)
m_630    mob x4 slow    fps 10.0 over33 100.0% js 90.4/119.2ms stale 0.0% jud 0.0px err 0.0px lag -ms settle -ms | js>8ms 100.0% dec 0 up 0/0ms lite 89% sw 1  (8s)
m_630    mob x4 mid     fps 10.9 over33 100.0% js 81.4/145.5ms stale 0.0% jud 0.1px err 0.0px lag 47ms settle 0ms | js>8ms 100.0% dec 0 up 0/0ms lite 88% sw 2  (6s)
m_630    mob x4 stopgo  fps 13.5 over33 100.0% js 66.3/100.9ms stale 0.0% jud 3.5px err 0.4px lag 48ms settle 261ms | js>8ms 100.0% dec 0 up 0/0ms lite 90% sw 4  (7s)
m_630    mob x4 jump    fps 16.5 over33 98.8% js 54.4/123.7ms stale 0.0% jud 4.7px err 0.3px lag 0ms settle 598ms | js>8ms 100.0% dec 0 up 0/0ms lite 24% sw 6  (7s)
m_675    mob x4 wheel   fps 11.9 over33 100.0% js 75.9/116.4ms stale 0.0% jud 0.1px err 0.0px lag 41ms settle 336ms | js>8ms 100.0% dec 0 up 0/0ms lite 92% sw 2  (15s)
m_675    mob x4 fling   fps 10.6 over33 100.0% js 84.7/126.2ms stale 0.0% jud 0.1px err 0.0px lag 49ms settle 0ms | js>8ms 100.0% dec 0 up 0/0ms lite 89% sw 2  (7s)
m_675    mob x4 slow    fps 10.6 over33 100.0% js 85.9/126.5ms stale 0.0% jud 0.1px err 0.0px lag -ms settle -ms | js>8ms 100.0% dec 0 up 0/0ms lite 88% sw 1  (7s)
m_675    mob x4 mid     fps 10.1 over33 100.0% js 87.7/146.8ms stale 0.0% jud 0.1px err 0.0px lag 48ms settle 0ms | js>8ms 100.0% dec 0 up 0/0ms lite 89% sw 2  (6s)
m_675    mob x4 stopgo  fps 13.0 over33 100.0% js 69.5/138.4ms stale 0.0% jud 0.1px err 0.0px lag 47ms settle 357ms | js>8ms 100.0% dec 0 up 0/0ms lite 91% sw 2  (7s)
m_675    mob x4 jump    fps 16.4 over33 97.5% js 53.9/121.2ms stale 0.0% jud 2.7px err 0.0px lag 0ms settle 572ms | js>8ms 100.0% dec 0 up 0/0ms lite 22% sw 6  (7s)
m_720    mob x4 wheel   fps 11.2 over33 98.1% js 80.9/130.8ms stale 0.0% jud 0.1px err 0.0px lag 45ms settle 235ms | js>8ms 100.0% dec 0 up 0/0ms lite 92% sw 2  (15s)
m_720    mob x4 fling   fps 10.6 over33 100.0% js 84.8/139.9ms stale 0.0% jud 0.1px err 0.0px lag 48ms settle 0ms | js>8ms 100.0% dec 0 up 0/0ms lite 89% sw 2  (7s)
m_720    mob x4 slow    fps 10.1 over33 100.0% js 89.1/115.9ms stale 0.0% jud 0.1px err 0.0px lag -ms settle -ms | js>8ms 100.0% dec 0 up 0/0ms lite 89% sw 1  (8s)
m_720    mob x4 mid     fps 9.4 over33 100.0% js 94.2/145.4ms stale 0.0% jud 0.1px err 0.0px lag 47ms settle 0ms | js>8ms 100.0% dec 0 up 0/0ms lite 88% sw 2  (6s)
m_720    mob x4 stopgo  fps 12.7 over33 100.0% js 71.5/111.6ms stale 0.0% jud 0.1px err 0.0px lag 46ms settle 380ms | js>8ms 100.0% dec 0 up 0/0ms lite 93% sw 2  (7s)
m_720    mob x4 jump    fps 16.3 over33 97.5% js 54.4/120.9ms stale 0.0% jud 3.7px err 0.0px lag 0ms settle 476ms | js>8ms 100.0% dec 0 up 0/0ms lite 23% sw 6  (7s)
