q_cur    desk x1 wheel   fps 58.6 over33 3.8% js 12.4/26.7ms stale 0.0% jud 0.1px err 0.0px lag 70ms settle 209ms | js>8ms 71.4% dec 0 up 0/0ms lite 95% sw 2  (9s)
q_cur    desk x1 fling   fps 47.1 over33 12.1% js 16.4/39.2ms stale 0.0% jud 0.0px err 0.0px lag 74ms settle -ms | js>8ms 73.7% dec 0 up 0/0ms lite 94% sw 2  (6s)
q_cur    desk x1 slow    fps 56.9 over33 6.5% js 11.5/31.5ms stale 0.0% jud 9.0px err 4.4px lag -ms settle -ms | js>8ms 43.1% dec 0 up 0/0ms lite 20% sw 0  (8s)
q_cur    desk x1 mid     fps 55.6 over33 0.0% js 13.1/21.2ms stale 0.0% jud 0.1px err 0.0px lag 73ms settle 59ms | js>8ms 81.3% dec 0 up 0/0ms lite 94% sw 2  (5s)
q_cur    desk x1 stopgo  fps 60.0 over33 0.0% js 10.7/20.0ms stale 0.0% jud 0.1px err 0.0px lag 72ms settle 316ms | js>8ms 83.1% dec 0 up 0/0ms lite 95% sw 6  (6s)
q_cur    desk x1 jump    fps 60.0 over33 0.7% js 8.5/18.2ms stale 0.0% jud 1.5px err 0.4px lag 0ms settle 491ms | js>8ms 33.6% dec 0 up 0/0ms lite 26% sw 6  (6s)
q_1120   desk x1 wheel   fps 53.6 over33 4.9% js 13.9/28.9ms stale 0.0% jud 0.1px err 0.0px lag 69ms settle 223ms | js>8ms 75.6% dec 0 up 0/0ms lite 95% sw 2  (9s)
q_1120   desk x1 fling   fps 54.1 over33 3.5% js 13.8/25.8ms stale 0.0% jud 0.0px err 0.0px lag 79ms settle -ms | js>8ms 79.0% dec 0 up 0/0ms lite 95% sw 2  (6s)
q_1120   desk x1 slow    fps 50.9 over33 12.6% js 13.5/31.9ms stale 0.0% jud 9.1px err 4.1px lag -ms settle -ms | js>8ms 44.6% dec 0 up 0/0ms lite 23% sw 0  (6s)
q_1120   desk x1 mid     fps 40.1 over33 12.7% js 19.8/30.7ms stale 0.0% jud 0.1px err 0.0px lag 69ms settle 51ms | js>8ms 90.1% dec 0 up 0/0ms lite 91% sw 2  (5s)
q_1120   desk x1 stopgo  fps 58.7 over33 4.5% js 12.3/27.9ms stale 0.0% jud 0.1px err 0.0px lag 68ms settle 289ms | js>8ms 74.2% dec 0 up 0/0ms lite 95% sw 6  (6s)
q_1120   desk x1 jump    fps 60.0 over33 2.7% js 9.1/25.8ms stale 0.0% jud 1.8px err 0.6px lag 0ms settle 493ms | js>8ms 35.2% dec 0 up 0/0ms lite 21% sw 6  (6s)
q_1280   desk x1 wheel   fps 56.8 over33 1.4% js 12.8/21.8ms stale 0.0% jud 0.0px err 0.0px lag 69ms settle 232ms | js>8ms 82.5% dec 0 up 0/0ms lite 95% sw 2  (8s)
q_1280   desk x1 fling   fps 60.0 over33 3.9% js 9.5/23.8ms stale 0.0% jud 3.4px err 3.8px lag 82ms settle -ms | js>8ms 38.3% dec 0 up 0/0ms lite 44% sw 2  (6s)
q_1280   desk x1 slow    fps 60.0 over33 7.5% js 10.4/30.6ms stale 0.0% jud 7.5px err 3.2px lag -ms settle -ms | js>8ms 39.0% dec 0 up 0/0ms lite 36% sw 0  (6s)
q_1280   desk x1 mid     fps 45.5 over33 2.1% js 16.8/26.3ms stale 0.0% jud 0.1px err 0.0px lag 71ms settle 37ms | js>8ms 81.3% dec 0 up 0/0ms lite 92% sw 2  (5s)
q_1280   desk x1 stopgo  fps 60.0 over33 1.0% js 6.8/23.8ms stale 0.0% jud 0.1px err 0.0px lag 70ms settle 299ms | js>8ms 18.9% dec 0 up 0/0ms lite 95% sw 6  (6s)
q_1280   desk x1 jump    fps 60.0 over33 1.7% js 8.1/25.0ms stale 0.0% jud 1.7px err 0.4px lag 0ms settle 498ms | js>8ms 25.6% dec 0 up 0/0ms lite 27% sw 6  (6s)
q_1440   desk x1 wheel   fps 54.7 over33 10.7% js 13.6/31.7ms stale 0.0% jud 0.1px err 0.0px lag 65ms settle 239ms | js>8ms 75.3% dec 0 up 0/0ms lite 95% sw 2  (8s)
q_1440   desk x1 fling   fps 55.7 over33 10.2% js 13.2/33.1ms stale 0.0% jud 0.0px err 0.0px lag 74ms settle -ms | js>8ms 75.1% dec 0 up 0/0ms lite 95% sw 2  (6s)
q_1440   desk x1 slow    fps 52.2 over33 10.8% js 13.2/33.5ms stale 0.0% jud 9.4px err 4.7px lag -ms settle -ms | js>8ms 45.1% dec 0 up 0/0ms lite 15% sw 0  (6s)
q_1440   desk x1 mid     fps 38.9 over33 22.4% js 20.4/35.2ms stale 0.0% jud 0.0px err 0.0px lag 70ms settle 42ms | js>8ms 87.3% dec 0 up 0/0ms lite 92% sw 2  (5s)
q_1440   desk x1 stopgo  fps 55.6 over33 8.0% js 13.2/34.1ms stale 0.0% jud 0.1px err 0.0px lag 67ms settle 251ms | js>8ms 85.4% dec 0 up 0/0ms lite 95% sw 6  (6s)
q_1440   desk x1 jump    fps 60.0 over33 6.4% js 10.1/32.7ms stale 0.0% jud 1.6px err 0.5px lag 0ms settle 500ms | js>8ms 38.2% dec 0 up 0/0ms lite 18% sw 6  (6s)
q_1280f  desk x1 wheel   fps 60.0 over33 0.0% js 8.4/21.0ms stale 0.0% jud 0.0px err 0.0px lag 70ms settle 234ms | js>8ms 37.4% dec 0 up 0/0ms lite 95% sw 3  (8s)
q_1280f  desk x1 fling   fps 60.0 over33 2.1% js 9.6/19.2ms stale 0.0% jud 3.2px err 3.8px lag 82ms settle -ms | js>8ms 46.7% dec 0 up 0/0ms lite 44% sw 3  (6s)
q_1280f  desk x1 slow    fps 59.0 over33 7.6% js 11.4/32.1ms stale 0.0% jud 10.8px err 6.2px lag -ms settle -ms | js>8ms 32.8% dec 0 up 0/0ms lite 0% sw 0  (6s)
q_1280f  desk x1 mid     fps 46.5 over33 0.5% js 16.6/24.0ms stale 0.0% jud 0.0px err 0.0px lag 72ms settle 47ms | js>8ms 89.4% dec 0 up 0/0ms lite 93% sw 3  (5s)
q_1280f  desk x1 stopgo  fps 60.0 over33 0.0% js 8.2/20.1ms stale 0.0% jud 0.0px err 0.0px lag 71ms settle 323ms | js>8ms 40.4% dec 0 up 0/0ms lite 95% sw 9  (6s)
q_1280f  desk x1 jump    fps 60.0 over33 1.0% js 8.8/20.7ms stale 0.0% jud 1.4px err 0.2px lag 0ms settle 490ms | js>8ms 32.9% dec 0 up 0/0ms lite 24% sw 6  (6s)
q_cur    desk x4 wheel   fps 17.2 over33 95.2% js 51.8/85.1ms stale 0.0% jud 0.1px err 0.0px lag 48ms settle 197ms | js>8ms 100.0% dec 0 up 0/0ms lite 92% sw 2  (14s)
q_cur    desk x4 fling   fps 17.0 over33 98.8% js 52.5/87.2ms stale 0.0% jud 0.0px err 0.0px lag 49ms settle 0ms | js>8ms 100.0% dec 0 up 0/0ms lite 92% sw 2  (7s)
q_cur    desk x4 slow    fps 18.8 over33 86.5% js 47.3/82.0ms stale 0.0% jud 0.5px err 0.1px lag -ms settle -ms | js>8ms 100.0% dec 0 up 0/0ms lite 80% sw 0  (7s)
q_cur    desk x4 mid     fps 17.2 over33 97.1% js 51.6/77.6ms stale 0.0% jud 0.1px err 0.0px lag 53ms settle 0ms | js>8ms 100.0% dec 0 up 0/0ms lite 91% sw 2  (6s)
q_cur    desk x4 stopgo  fps 19.8 over33 92.9% js 43.7/63.1ms stale 0.0% jud 1.3px err 0.3px lag 54ms settle 285ms | js>8ms 100.0% dec 0 up 0/0ms lite 90% sw 6  (7s)
q_cur    desk x4 jump    fps 19.6 over33 81.4% js 44.9/80.2ms stale 0.0% jud 2.5px err 0.5px lag 0ms settle 499ms | js>8ms 99.0% dec 0 up 0/0ms lite 69% sw 6  (7s)
q_1120   desk x4 wheel   fps 17.0 over33 96.4% js 52.7/93.2ms stale 0.0% jud 0.1px err 0.0px lag 41ms settle 149ms | js>8ms 100.0% dec 0 up 0/0ms lite 92% sw 2  (14s)
q_1120   desk x4 fling   fps 13.5 over33 93.7% js 66.2/113.2ms stale 0.0% jud 0.1px err 0.0px lag 44ms settle 0ms | js>8ms 100.0% dec 0 up 0/0ms lite 90% sw 2  (7s)
q_1120   desk x4 slow    fps 14.1 over33 88.9% js 64.0/97.0ms stale 0.0% jud 0.8px err 0.2px lag -ms settle -ms | js>8ms 100.0% dec 0 up 0/0ms lite 73% sw 0  (7s)
q_1120   desk x4 mid     fps 12.1 over33 98.0% js 73.0/117.8ms stale 0.0% jud 0.1px err 0.0px lag 43ms settle 94ms | js>8ms 100.0% dec 0 up 0/0ms lite 84% sw 2  (6s)
q_1120   desk x4 stopgo  fps 15.7 over33 88.3% js 55.9/120.6ms stale 0.0% jud 1.6px err 0.4px lag 48ms settle 341ms | js>8ms 100.0% dec 0 up 0/0ms lite 88% sw 6  (7s)
q_1120   desk x4 jump    fps 19.4 over33 81.1% js 45.9/102.2ms stale 0.0% jud 2.4px err 0.7px lag 0ms settle 535ms | js>8ms 100.0% dec 0 up 0/0ms lite 66% sw 6  (7s)
q_1280   desk x4 wheel   fps 32.3 over33 17.7% js 26.0/79.3ms stale 0.0% jud 0.1px err 0.0px lag 42ms settle 212ms | js>8ms 94.5% dec 0 up 0/0ms lite 96% sw 2  (14s)
q_1280   desk x4 fling   fps 16.9 over33 89.7% js 53.8/84.7ms stale 0.0% jud 0.1px err 0.0px lag 50ms settle 0ms | js>8ms 100.0% dec 0 up 0/0ms lite 95% sw 2  (7s)
q_1280   desk x4 slow    fps 15.9 over33 70.4% js 56.4/93.0ms stale 0.0% jud 1.0px err 0.2px lag -ms settle -ms | js>8ms 100.0% dec 0 up 0/0ms lite 78% sw 0  (7s)
q_1280   desk x4 mid     fps 14.1 over33 81.0% js 62.5/97.7ms stale 0.0% jud 0.1px err 0.0px lag 43ms settle 0ms | js>8ms 100.0% dec 0 up 0/0ms lite 86% sw 2  (6s)
q_1280   desk x4 stopgo  fps 18.9 over33 70.7% js 46.5/92.6ms stale 0.0% jud 0.0px err 0.0px lag 58ms settle 300ms | js>8ms 100.0% dec 0 up 0/0ms lite 93% sw 4  (7s)
q_1280   desk x4 jump    fps 30.3 over33 19.6% js 27.7/86.4ms stale 0.0% jud 3.9px err 1.1px lag 0ms settle 502ms | js>8ms 96.7% dec 0 up 0/0ms lite 79% sw 6  (7s)
q_1440   desk x4 wheel   fps 16.0 over33 94.9% js 56.0/129.3ms stale 0.0% jud 0.1px err 0.0px lag 46ms settle 218ms | js>8ms 100.0% dec 0 up 0/0ms lite 92% sw 2  (14s)
q_1440   desk x4 fling   fps 12.3 over33 96.6% js 72.8/132.2ms stale 0.0% jud 0.0px err 0.0px lag 53ms settle 0ms | js>8ms 100.0% dec 0 up 0/0ms lite 89% sw 2  (6s)
q_1440   desk x4 slow    fps 12.5 over33 93.8% js 72.0/118.1ms stale 0.0% jud 3.5px err 0.6px lag -ms settle -ms | js>8ms 100.0% dec 0 up 0/0ms lite 71% sw 0  (7s)
q_1440   desk x4 mid     fps 9.3 over33 97.4% js 93.8/150.3ms stale 0.0% jud 0.1px err 0.0px lag 48ms settle 0ms | js>8ms 100.0% dec 0 up 0/0ms lite 81% sw 2  (6s)
q_1440   desk x4 stopgo  fps 14.7 over33 100.0% js 60.1/123.4ms stale 0.0% jud 3.1px err 0.5px lag 49ms settle 289ms | js>8ms 100.0% dec 0 up 0/0ms lite 88% sw 6  (7s)
q_1440   desk x4 jump    fps 21.5 over33 57.1% js 41.1/110.4ms stale 0.0% jud 3.8px err 1.0px lag 0ms settle 499ms | js>8ms 100.0% dec 0 up 0/0ms lite 16% sw 6  (7s)
q_1280f  desk x4 wheel   fps 19.6 over33 89.6% js 45.2/80.2ms stale 0.0% jud 0.1px err 0.0px lag 46ms settle 172ms | js>8ms 100.0% dec 0 up 0/0ms lite 92% sw 3  (14s)
q_1280f  desk x4 fling   fps 17.4 over33 93.9% js 51.3/82.3ms stale 0.0% jud 0.0px err 0.0px lag 52ms settle 0ms | js>8ms 100.0% dec 0 up 0/0ms lite 92% sw 2  (6s)
q_1280f  desk x4 slow    fps 16.8 over33 82.6% js 53.7/98.7ms stale 0.0% jud 0.9px err 0.2px lag -ms settle -ms | js>8ms 100.0% dec 0 up 0/0ms lite 77% sw 0  (7s)
q_1280f  desk x4 mid     fps 11.0 over33 88.9% js 79.9/244.1ms stale 0.0% jud 0.1px err 0.0px lag 50ms settle 0ms | js>8ms 100.0% dec 0 up 0/0ms lite 84% sw 3  (6s)
q_1280f  desk x4 stopgo  fps 20.2 over33 82.8% js 43.2/75.3ms stale 0.0% jud 1.3px err 0.1px lag 50ms settle 262ms | js>8ms 100.0% dec 0 up 0/0ms lite 90% sw 8  (7s)
q_1280f  desk x4 jump    fps 32.2 over33 27.8% js 25.8/71.2ms stale 0.0% jud 2.5px err 0.0px lag 0ms settle 544ms | js>8ms 92.0% dec 0 up 0/0ms lite 79% sw 6  (7s)
