s_w14    desk x1 wheel   fps 60.0 over33 10.1% js 10.4/36.3ms stale 0.0% jud 7.3px err 5.3px lag 118ms settle 455ms | js>8ms 25.8% dec 0 up 0/0ms lite 0% sw 0  (6s)
s_w14    desk x1 mid     fps 28.9 over33 43.3% js 28.4/49.6ms stale 0.0% jud 9.3px err 4.2px lag 121ms settle 121ms | js>8ms 84.8% dec 0 up 0/0ms lite 0% sw 0  (5s)
s_w14    desk x1 fling   fps 60.0 over33 8.4% js 11.1/32.0ms stale 0.0% jud 7.8px err 6.7px lag 151ms settle -ms | js>8ms 32.1% dec 0 up 0/0ms lite 0% sw 0  (6s)
s_w14    desk x1 slow    fps 55.8 over33 8.7% js 11.7/31.2ms stale 0.0% jud 10.7px err 6.0px lag -ms settle -ms | js>8ms 31.8% dec 0 up 0/0ms lite 0% sw 0  (6s)
lite_low desk x1 wheel   fps 60.0 over33 0.3% js 8.2/16.3ms stale 0.0% jud 9.9px err 5.5px lag 90ms settle 305ms | js>8ms 35.1% dec 0 up 0/0ms lite 0% sw 0  (6s)
lite_low desk x1 mid     fps 60.0 over33 0.0% js 9.9/19.2ms stale 0.0% jud 8.6px err 3.9px lag 92ms settle 70ms | js>8ms 56.3% dec 0 up 0/0ms lite 0% sw 0  (5s)
lite_low desk x1 fling   fps 60.0 over33 0.0% js 6.9/12.2ms stale 0.0% jud 8.7px err 6.8px lag 104ms settle -ms | js>8ms 21.7% dec 0 up 0/0ms lite 0% sw 0  (6s)
lite_low desk x1 slow    fps 60.0 over33 0.0% js 6.9/12.0ms stale 0.0% jud 10.9px err 5.8px lag -ms settle -ms | js>8ms 21.7% dec 0 up 0/0ms lite 0% sw 0  (6s)
lod1     desk x1 wheel   fps 60.0 over33 0.0% js 9.3/17.8ms stale 0.0% jud 0.9px err 0.2px lag 94ms settle 290ms | js>8ms 46.0% dec 0 up 0/0ms lite 41% sw 2  (7s)
lod1     desk x1 mid     fps 59.1 over33 0.4% js 11.6/21.0ms stale 0.0% jud 0.0px err 0.0px lag 92ms settle 65ms | js>8ms 79.4% dec 0 up 0/0ms lite 93% sw 2  (5s)
lod1     desk x1 fling   fps 60.0 over33 1.1% js 8.9/16.5ms stale 0.0% jud 3.8px err 3.7px lag 104ms settle -ms | js>8ms 46.6% dec 0 up 0/0ms lite 45% sw 2  (6s)
lod1     desk x1 slow    fps 52.2 over33 16.7% js 12.9/34.6ms stale 0.0% jud 11.3px err 6.0px lag -ms settle -ms | js>8ms 31.0% dec 0 up 0/0ms lite 0% sw 0  (6s)
lod3     desk x1 wheel   fps 60.0 over33 0.3% js 8.9/18.4ms stale 0.0% jud 9.8px err 5.9px lag 92ms settle 306ms | js>8ms 40.1% dec 0 up 0/0ms lite 43% sw 2  (7s)
lod3     desk x1 mid     fps 59.5 over33 0.4% js 9.9/18.4ms stale 0.0% jud 8.4px err 3.9px lag 91ms settle 57ms | js>8ms 55.2% dec 0 up 0/0ms lite 93% sw 2  (5s)
lod3     desk x1 fling   fps 60.0 over33 2.5% js 8.0/14.4ms stale 0.0% jud 8.8px err 6.7px lag 104ms settle -ms | js>8ms 25.6% dec 0 up 0/0ms lite 45% sw 2  (6s)
lod3     desk x1 slow    fps 57.6 over33 9.4% js 11.3/30.9ms stale 0.0% jud 11.6px err 6.2px lag -ms settle -ms | js>8ms 28.5% dec 0 up 0/0ms lite 0% sw 0  (6s)
s_w14    desk x4 wheel   fps 20.1 over33 48.5% js 43.8/151.0ms stale 0.0% jud 9.5px err 6.4px lag 123ms settle 505ms | js>8ms 100.0% dec 0 up 0/0ms lite 0% sw 0  (8s)
s_w14    desk x4 mid     fps 8.3 over33 85.3% js 107.5/190.7ms stale 0.0% jud 10.6px err 3.4px lag 129ms settle 189ms | js>8ms 100.0% dec 0 up 0/0ms lite 0% sw 0  (6s)
s_w14    desk x4 fling   fps 17.3 over33 48.1% js 51.5/146.2ms stale 0.0% jud 10.1px err 6.9px lag 144ms settle -ms | js>8ms 100.0% dec 0 up 0/0ms lite 0% sw 0  (6s)
s_w14    desk x4 slow    fps 11.7 over33 71.7% js 77.4/172.6ms stale 0.0% jud 9.4px err 4.8px lag -ms settle -ms | js>8ms 100.0% dec 0 up 0/0ms lite 0% sw 0  (7s)
lite_low desk x4 wheel   fps 26.1 over33 37.5% js 32.8/73.6ms stale 0.0% jud 11.2px err 6.4px lag 63ms settle 248ms | js>8ms 100.0% dec 0 up 0/0ms lite 0% sw 0  (8s)
lite_low desk x4 mid     fps 16.7 over33 84.1% js 52.3/85.8ms stale 0.0% jud 8.5px err 4.1px lag 65ms settle 0ms | js>8ms 100.0% dec 0 up 0/0ms lite 0% sw 0  (6s)
lite_low desk x4 fling   fps 27.6 over33 45.4% js 31.0/62.2ms stale 0.0% jud 8.7px err 6.5px lag 88ms settle -ms | js>8ms 95.6% dec 0 up 0/0ms lite 0% sw 0  (6s)
lite_low desk x4 slow    fps 23.9 over33 59.3% js 36.2/63.7ms stale 0.0% jud 11.3px err 5.8px lag -ms settle -ms | js>8ms 100.0% dec 0 up 0/0ms lite 0% sw 0  (7s)
lod1     desk x4 wheel   fps 21.8 over33 59.8% js 40.5/94.1ms stale 0.0% jud 1.9px err 0.7px lag 59ms settle 242ms | js>8ms 100.0% dec 0 up 0/0ms lite 24% sw 2  (10s)
lod1     desk x4 mid     fps 13.4 over33 96.4% js 66.2/97.8ms stale 0.0% jud 0.0px err 0.0px lag 62ms settle 75ms | js>8ms 100.0% dec 0 up 0/0ms lite 85% sw 2  (6s)
lod1     desk x4 fling   fps 15.2 over33 66.2% js 58.8/118.1ms stale 0.0% jud 3.4px err 3.9px lag 78ms settle -ms | js>8ms 100.0% dec 0 up 0/0ms lite 43% sw 2  (6s)
lod1     desk x4 slow    fps 9.8 over33 82.0% js 92.0/223.3ms stale 0.0% jud 9.5px err 5.1px lag -ms settle -ms | js>8ms 100.0% dec 0 up 0/0ms lite 0% sw 0  (7s)
lod3     desk x4 wheel   fps 23.5 over33 46.1% js 37.2/90.8ms stale 0.0% jud 9.9px err 5.2px lag 59ms settle 263ms | js>8ms 100.0% dec 0 up 0/0ms lite 27% sw 2  (10s)
lod3     desk x4 mid     fps 15.1 over33 90.6% js 58.6/99.7ms stale 0.0% jud 10.0px err 4.9px lag 66ms settle 76ms | js>8ms 100.0% dec 0 up 0/0ms lite 86% sw 2  (6s)
lod3     desk x4 fling   fps 20.1 over33 59.6% js 44.0/109.9ms stale 0.0% jud 6.9px err 6.4px lag 80ms settle -ms | js>8ms 100.0% dec 0 up 0/0ms lite 41% sw 2  (6s)
lod3     desk x4 slow    fps 9.7 over33 72.5% js 93.6/210.0ms stale 0.0% jud 7.3px err 4.7px lag -ms settle -ms | js>8ms 100.0% dec 0 up 0/0ms lite 0% sw 0  (7s)
s_w14    mob x1 wheel   fps 47.1 over33 8.6% js 16.6/32.2ms stale 0.0% jud 8.0px err 4.7px lag 115ms settle 503ms | js>8ms 91.6% dec 0 up 0/0ms lite 0% sw 0  (7s)
s_w14    mob x1 mid     fps 45.7 over33 22.2% js 16.8/38.2ms stale 0.0% jud 6.8px err 3.4px lag 129ms settle 125ms | js>8ms 70.1% dec 0 up 0/0ms lite 0% sw 0  (5s)
s_w14    mob x1 fling   fps 60.0 over33 4.9% js 12.1/28.8ms stale 0.0% jud 5.0px err 4.9px lag 154ms settle -ms | js>8ms 50.3% dec 0 up 0/0ms lite 0% sw 0  (6s)
s_w14    mob x1 slow    fps 59.1 over33 1.0% js 11.4/24.1ms stale 0.0% jud 11.8px err 6.2px lag -ms settle -ms | js>8ms 58.9% dec 0 up 0/0ms lite 0% sw 0  (6s)
lite_low mob x1 wheel   fps 55.3 over33 1.1% js 13.6/21.6ms stale 0.0% jud 8.9px err 5.3px lag 88ms settle 317ms | js>8ms 91.7% dec 0 up 0/0ms lite 0% sw 0  (6s)
lite_low mob x1 mid     fps 56.6 over33 0.0% js 12.6/20.8ms stale 0.0% jud 8.0px err 3.8px lag 90ms settle 74ms | js>8ms 77.0% dec 0 up 0/0ms lite 0% sw 0  (5s)
lite_low mob x1 fling   fps 60.0 over33 0.4% js 10.0/16.7ms stale 0.0% jud 6.4px err 4.8px lag 104ms settle 832ms | js>8ms 63.8% dec 0 up 0/0ms lite 0% sw 0  (6s)
lite_low mob x1 slow    fps 59.7 over33 0.3% js 10.2/17.9ms stale 0.0% jud 11.3px err 5.9px lag -ms settle -ms | js>8ms 67.9% dec 0 up 0/0ms lite 0% sw 0  (6s)
lod1     mob x1 wheel   fps 47.9 over33 0.8% js 16.2/22.6ms stale 0.0% jud 0.6px err 0.1px lag 89ms settle 308ms | js>8ms 96.3% dec 0 up 0/0ms lite 39% sw 2  (7s)
lod1     mob x1 mid     fps 47.4 over33 3.1% js 16.4/26.9ms stale 0.0% jud 0.1px err 0.0px lag 88ms settle 65ms | js>8ms 94.5% dec 0 up 0/0ms lite 82% sw 2  (5s)
lod1     mob x1 fling   fps 60.0 over33 2.1% js 11.8/18.5ms stale 0.0% jud 2.3px err 2.8px lag 103ms settle -ms | js>8ms 78.9% dec 0 up 0/0ms lite 43% sw 2  (6s)
lod1     mob x1 slow    fps 55.9 over33 4.9% js 12.8/29.1ms stale 0.0% jud 11.3px err 6.0px lag -ms settle -ms | js>8ms 61.4% dec 0 up 0/0ms lite 0% sw 0  (6s)
lod3     mob x1 wheel   fps 52.9 over33 2.3% js 14.4/23.5ms stale 0.0% jud 7.4px err 5.1px lag 90ms settle 316ms | js>8ms 94.0% dec 0 up 0/0ms lite 41% sw 2  (7s)
lod3     mob x1 mid     fps 52.9 over33 1.8% js 13.3/23.5ms stale 0.0% jud 7.4px err 3.5px lag 91ms settle 76ms | js>8ms 71.0% dec 0 up 0/0ms lite 84% sw 2  (5s)
lod3     mob x1 fling   fps 60.0 over33 1.4% js 9.8/19.9ms stale 0.0% jud 6.5px err 5.0px lag 104ms settle 666ms | js>8ms 47.2% dec 0 up 0/0ms lite 46% sw 2  (6s)
lod3     mob x1 slow    fps 52.8 over33 6.6% js 13.8/29.5ms stale 0.0% jud 12.7px err 6.3px lag -ms settle -ms | js>8ms 73.3% dec 0 up 0/0ms lite 0% sw 0  (6s)
s_w14    mob x4 wheel   fps 10.6 over33 100.0% js 85.8/166.0ms stale 0.0% jud 11.6px err 5.1px lag 123ms settle 652ms | js>8ms 100.0% dec 0 up 0/0ms lite 0% sw 0  (10s)
s_w14    mob x4 mid     fps 11.5 over33 67.4% js 79.3/173.4ms stale 0.0% jud 9.1px err 4.0px lag 125ms settle 142ms | js>8ms 98.0% dec 0 up 0/0ms lite 0% sw 0  (6s)
s_w14    mob x4 fling   fps 12.6 over33 98.3% js 71.4/138.5ms stale 0.0% jud 6.3px err 5.2px lag 132ms settle -ms | js>8ms 100.0% dec 0 up 0/0ms lite 0% sw 0  (7s)
s_w14    mob x4 slow    fps 12.3 over33 98.4% js 73.8/158.4ms stale 0.0% jud 10.9px err 6.2px lag -ms settle -ms | js>8ms 100.0% dec 0 up 0/0ms lite 0% sw 0  (7s)
lite_low mob x4 wheel   fps 12.7 over33 100.0% js 70.7/119.0ms stale 0.0% jud 8.1px err 4.3px lag 66ms settle 361ms | js>8ms 100.0% dec 0 up 0/0ms lite 0% sw 0  (9s)
lite_low mob x4 mid     fps 11.8 over33 100.0% js 77.1/125.2ms stale 0.0% jud 7.6px err 3.6px lag 62ms settle 83ms | js>8ms 100.0% dec 0 up 0/0ms lite 0% sw 0  (6s)
lite_low mob x4 fling   fps 15.7 over33 100.0% js 57.4/108.3ms stale 0.0% jud 8.0px err 4.9px lag 76ms settle 0ms | js>8ms 100.0% dec 0 up 0/0ms lite 0% sw 0  (7s)
lite_low mob x4 slow    fps 15.5 over33 97.5% js 58.4/91.6ms stale 0.0% jud 10.8px err 5.8px lag -ms settle -ms | js>8ms 98.8% dec 0 up 0/0ms lite 0% sw 0  (7s)
lod1     mob x4 wheel   fps 11.6 over33 100.0% js 78.1/129.2ms stale 0.0% jud 0.9px err 0.2px lag 57ms settle 493ms | js>8ms 100.0% dec 0 up 0/0ms lite 33% sw 2  (11s)
lod1     mob x4 mid     fps 9.9 over33 100.0% js 89.2/127.2ms stale 0.0% jud 0.1px err 0.0px lag 56ms settle 0ms | js>8ms 100.0% dec 0 up 0/0ms lite 83% sw 2  (7s)
lod1     mob x4 fling   fps 11.2 over33 100.0% js 80.0/138.0ms stale 0.0% jud 3.6px err 3.2px lag 70ms settle 159ms | js>8ms 100.0% dec 0 up 0/0ms lite 40% sw 2  (7s)
lod1     mob x4 slow    fps 9.2 over33 100.0% js 100.1/167.6ms stale 0.0% jud 11.9px err 5.5px lag -ms settle -ms | js>8ms 100.0% dec 0 up 0/0ms lite 0% sw 0  (8s)
lod3     mob x4 wheel   fps 12.1 over33 100.0% js 75.4/111.5ms stale 0.0% jud 9.4px err 4.7px lag 57ms settle 522ms | js>8ms 100.0% dec 0 up 0/0ms lite 39% sw 2  (11s)
lod3     mob x4 mid     fps 11.2 over33 100.0% js 80.1/118.2ms stale 0.0% jud 7.7px err 2.9px lag 63ms settle 0ms | js>8ms 100.0% dec 0 up 0/0ms lite 80% sw 2  (6s)
lod3     mob x4 fling   fps 14.4 over33 100.0% js 63.1/124.4ms stale 0.0% jud 8.3px err 5.2px lag 72ms settle 0ms | js>8ms 100.0% dec 0 up 0/0ms lite 43% sw 2  (7s)
lod3     mob x4 slow    fps 10.6 over33 100.0% js 84.8/168.4ms stale 0.0% jud 11.2px err 5.8px lag -ms settle -ms | js>8ms 100.0% dec 0 up 0/0ms lite 41% sw 1  (8s)
